[INFO] Scanning for projects...
[INFO] 
[INFO] --------------------< com.movie:movie-booking-api >---------------------
[INFO] Building movie-booking-api 0.0.1-SNAPSHOT
[INFO]   from pom.xml
[INFO] --------------------------------[ jar ]---------------------------------
[INFO] 
[INFO] --- clean:3.4.1:clean (default-clean) @ movie-booking-api ---
[INFO] Deleting D:\Tools_Nhom1\movie-booking-api\target
[INFO] 
[INFO] >>> spring-boot:3.5.7:run (default-cli) > test-compile @ movie-booking-api >>>
[INFO] 
[INFO] --- resources:3.3.1:resources (default-resources) @ movie-booking-api ---
[INFO] Copying 1 resource from src\main\resources to target\classes
[INFO] Copying 24 resources from src\main\resources to target\classes
[INFO] 
[INFO] --- compiler:3.14.1:compile (default-compile) @ movie-booking-api ---
[INFO] Recompiling the module because of changed source code.
[INFO] Compiling 61 source files with javac [debug parameters release 17] to target\classes
[INFO] /D:/Tools_Nhom1/movie-booking-api/src/main/java/com/movie/movie_booking_api/controller/PublicMovieController.java: D:\Tools_Nhom1\movie-booking-api\src\main\java\com\movie\movie_booking_api\controller\PublicMovieController.java uses unchecked or unsafe operations.
[INFO] /D:/Tools_Nhom1/movie-booking-api/src/main/java/com/movie/movie_booking_api/controller/PublicMovieController.java: Recompile with -Xlint:unchecked for details.
[INFO] 
[INFO] --- resources:3.3.1:testResources (default-testResources) @ movie-booking-api ---
[INFO] Copying 1 resource from src\test\resources to target\test-classes
[INFO] 
[INFO] --- compiler:3.14.1:testCompile (default-testCompile) @ movie-booking-api ---
[INFO] Recompiling the module because of changed dependency.
[INFO] Compiling 1 source file with javac [debug parameters release 17] to target\test-classes
[WARNING] /D:/Tools_Nhom1/movie-booking-api/src/test/java/com/movie/movie_booking_api/MovieBookingApiApplicationTests.java:[66,10] org.springframework.boot.test.mock.mockito.SpyBean in org.springframework.boot.test.mock.mockito has been deprecated and marked for removal
[WARNING] /D:/Tools_Nhom1/movie-booking-api/src/test/java/com/movie/movie_booking_api/MovieBookingApiApplicationTests.java:[66,10] org.springframework.boot.test.mock.mockito.SpyBean in org.springframework.boot.test.mock.mockito has been deprecated and marked for removal
[WARNING] /D:/Tools_Nhom1/movie-booking-api/src/test/java/com/movie/movie_booking_api/MovieBookingApiApplicationTests.java:[66,10] org.springframework.boot.test.mock.mockito.SpyBean in org.springframework.boot.test.mock.mockito has been deprecated and marked for removal
[WARNING] /D:/Tools_Nhom1/movie-booking-api/src/test/java/com/movie/movie_booking_api/MovieBookingApiApplicationTests.java:[66,10] org.springframework.boot.test.mock.mockito.SpyBean in org.springframework.boot.test.mock.mockito has been deprecated and marked for removal
[WARNING] /D:/Tools_Nhom1/movie-booking-api/src/test/java/com/movie/movie_booking_api/MovieBookingApiApplicationTests.java:[66,10] org.springframework.boot.test.mock.mockito.SpyBean in org.springframework.boot.test.mock.mockito has been deprecated and marked for removal
[INFO] 
[INFO] <<< spring-boot:3.5.7:run (default-cli) < test-compile @ movie-booking-api <<<
[INFO] 
[INFO] 
[INFO] --- spring-boot:3.5.7:run (default-cli) @ movie-booking-api ---
[INFO] Attaching agents: []

  .   ____          _            __ _ _
 /\\ / ___'_ __ _ _(_)_ __  __ _ \ \ \ \
( ( )\___ | '_ | '_| | '_ \/ _` | \ \ \ \
 \\/  ___)| |_)| | | | | || (_| |  ) ) ) )
  '  |____| .__|_| |_|_| |_\__, | / / / /
 =========|_|==============|___/=/_/_/_/

 :: Spring Boot ::                (v3.5.7)

2026-04-05T16:47:07.971+07:00  INFO 19172 --- [           main] c.m.m.MovieBookingApiApplication         : Starting MovieBookingApiApplication using Java 17.0.12 with PID 19172 (D:\Tools_Nhom1\movie-booking-api\target\classes started by Bo in D:\Tools_Nhom1\movie-booking-api)
2026-04-05T16:47:07.974+07:00  INFO 19172 --- [           main] c.m.m.MovieBookingApiApplication         : No active profile set, falling back to 1 default profile: "default"
2026-04-05T16:47:09.179+07:00  INFO 19172 --- [           main] .s.d.r.c.RepositoryConfigurationDelegate : Multiple Spring Data modules found, entering strict repository configuration mode
2026-04-05T16:47:09.179+07:00  INFO 19172 --- [           main] .s.d.r.c.RepositoryConfigurationDelegate : Bootstrapping Spring Data JPA repositories in DEFAULT mode.
2026-04-05T16:47:09.354+07:00  INFO 19172 --- [           main] .s.d.r.c.RepositoryConfigurationDelegate : Finished Spring Data repository scanning in 173 ms. Found 8 JPA repository interfaces.
2026-04-05T16:47:09.381+07:00  INFO 19172 --- [           main] .s.d.r.c.RepositoryConfigurationDelegate : Multiple Spring Data modules found, entering strict repository configuration mode
2026-04-05T16:47:09.382+07:00  INFO 19172 --- [           main] .s.d.r.c.RepositoryConfigurationDelegate : Bootstrapping Spring Data Redis repositories in DEFAULT mode.
2026-04-05T16:47:09.397+07:00  INFO 19172 --- [           main] .RepositoryConfigurationExtensionSupport : Spring Data Redis - Could not safely identify store assignment for repository candidate interface com.movie.movie_booking_api.repository.BookingRepository; If you want this repository to be a Redis repository, consider annotating your entities with one of these annotations: org.springframework.data.redis.core.RedisHash (preferred), or consider extending one of the following types with your repository: org.springframework.data.keyvalue.repository.KeyValueRepository
2026-04-05T16:47:09.397+07:00  INFO 19172 --- [           main] .RepositoryConfigurationExtensionSupport : Spring Data Redis - Could not safely identify store assignment for repository candidate interface com.movie.movie_booking_api.repository.CinemaRepository; If you want this repository to be a Redis repository, consider annotating your entities with one of these annotations: org.springframework.data.redis.core.RedisHash (preferred), or consider extending one of the following types with your repository: org.springframework.data.keyvalue.repository.KeyValueRepository
2026-04-05T16:47:09.397+07:00  INFO 19172 --- [           main] .RepositoryConfigurationExtensionSupport : Spring Data Redis - Could not safely identify store assignment for repository candidate interface com.movie.movie_booking_api.repository.MovieRepository; If you want this repository to be a Redis repository, consider annotating your entities with one of these annotations: org.springframework.data.redis.core.RedisHash (preferred), or consider extending one of the following types with your repository: org.springframework.data.keyvalue.repository.KeyValueRepository
2026-04-05T16:47:09.397+07:00  INFO 19172 --- [           main] .RepositoryConfigurationExtensionSupport : Spring Data Redis - Could not safely identify store assignment for repository candidate interface com.movie.movie_booking_api.repository.PaymentRepository; If you want this repository to be a Redis repository, consider annotating your entities with one of these annotations: org.springframework.data.redis.core.RedisHash (preferred), or consider extending one of the following types with your repository: org.springframework.data.keyvalue.repository.KeyValueRepository
2026-04-05T16:47:09.397+07:00  INFO 19172 --- [           main] .RepositoryConfigurationExtensionSupport : Spring Data Redis - Could not safely identify store assignment for repository candidate interface com.movie.movie_booking_api.repository.RoomRepository; If you want this repository to be a Redis repository, consider annotating your entities with one of these annotations: org.springframework.data.redis.core.RedisHash (preferred), or consider extending one of the following types with your repository: org.springframework.data.keyvalue.repository.KeyValueRepository
2026-04-05T16:47:09.397+07:00  INFO 19172 --- [           main] .RepositoryConfigurationExtensionSupport : Spring Data Redis - Could not safely identify store assignment for repository candidate interface com.movie.movie_booking_api.repository.SeatRepository; If you want this repository to be a Redis repository, consider annotating your entities with one of these annotations: org.springframework.data.redis.core.RedisHash (preferred), or consider extending one of the following types with your repository: org.springframework.data.keyvalue.repository.KeyValueRepository
2026-04-05T16:47:09.400+07:00  INFO 19172 --- [           main] .RepositoryConfigurationExtensionSupport : Spring Data Redis - Could not safely identify store assignment for repository candidate interface com.movie.movie_booking_api.repository.ShowTimeRepository; If you want this repository to be a Redis repository, consider annotating your entities with one of these annotations: org.springframework.data.redis.core.RedisHash (preferred), or consider extending one of the following types with your repository: org.springframework.data.keyvalue.repository.KeyValueRepository
2026-04-05T16:47:09.400+07:00  INFO 19172 --- [           main] .RepositoryConfigurationExtensionSupport : Spring Data Redis - Could not safely identify store assignment for repository candidate interface com.movie.movie_booking_api.repository.UserRepository; If you want this repository to be a Redis repository, consider annotating your entities with one of these annotations: org.springframework.data.redis.core.RedisHash (preferred), or consider extending one of the following types with your repository: org.springframework.data.keyvalue.repository.KeyValueRepository
2026-04-05T16:47:09.401+07:00  INFO 19172 --- [           main] .s.d.r.c.RepositoryConfigurationDelegate : Finished Spring Data repository scanning in 9 ms. Found 0 Redis repository interfaces.
2026-04-05T16:47:09.992+07:00  INFO 19172 --- [           main] o.s.b.w.embedded.tomcat.TomcatWebServer  : Tomcat initialized with port 8081 (http)
2026-04-05T16:47:10.004+07:00  INFO 19172 --- [           main] o.apache.catalina.core.StandardService   : Starting service [Tomcat]
2026-04-05T16:47:10.004+07:00  INFO 19172 --- [           main] o.apache.catalina.core.StandardEngine    : Starting Servlet engine: [Apache Tomcat/10.1.48]
2026-04-05T16:47:10.054+07:00  INFO 19172 --- [           main] o.a.c.c.C.[Tomcat].[localhost].[/]       : Initializing Spring embedded WebApplicationContext
2026-04-05T16:47:10.054+07:00  INFO 19172 --- [           main] w.s.c.ServletWebServerApplicationContext : Root WebApplicationContext: initialization completed in 2035 ms
2026-04-05T16:47:10.315+07:00  INFO 19172 --- [           main] o.hibernate.jpa.internal.util.LogHelper  : HHH000204: Processing PersistenceUnitInfo [name: default]
2026-04-05T16:47:10.354+07:00  INFO 19172 --- [           main] org.hibernate.Version                    : HHH000412: Hibernate ORM core version 6.6.33.Final
2026-04-05T16:47:10.417+07:00  INFO 19172 --- [           main] o.h.c.internal.RegionFactoryInitiator    : HHH000026: Second-level cache disabled
2026-04-05T16:47:10.703+07:00  INFO 19172 --- [           main] o.s.o.j.p.SpringPersistenceUnitInfo      : No LoadTimeWeaver setup: ignoring JPA class transformer
2026-04-05T16:47:10.732+07:00  INFO 19172 --- [           main] com.zaxxer.hikari.HikariDataSource       : HikariPool-1 - Starting...
2026-04-05T16:47:10.901+07:00  INFO 19172 --- [           main] com.zaxxer.hikari.pool.HikariPool        : HikariPool-1 - Added connection com.mysql.cj.jdbc.ConnectionImpl@37665305
2026-04-05T16:47:10.901+07:00  INFO 19172 --- [           main] com.zaxxer.hikari.HikariDataSource       : HikariPool-1 - Start completed.
2026-04-05T16:47:10.952+07:00  WARN 19172 --- [           main] org.hibernate.orm.deprecation            : HHH90000025: MySQLDialect does not need to be specified explicitly using 'hibernate.dialect' (remove the property setting and it will be selected by default)
2026-04-05T16:47:10.971+07:00  INFO 19172 --- [           main] org.hibernate.orm.connections.pooling    : HHH10001005: Database info:
	Database JDBC URL [Connecting through datasource 'HikariDataSource (HikariPool-1)']
	Database driver: undefined/unknown
	Database version: 9.5
	Autocommit mode: undefined/unknown
	Isolation level: undefined/unknown
	Minimum pool size: undefined/unknown
	Maximum pool size: undefined/unknown
2026-04-05T16:47:12.026+07:00  INFO 19172 --- [           main] o.h.e.t.j.p.i.JtaPlatformInitiator       : HHH000489: No JTA platform available (set 'hibernate.transaction.jta.platform' to enable JTA platform integration)
2026-04-05T16:47:12.114+07:00  INFO 19172 --- [           main] j.LocalContainerEntityManagerFactoryBean : Initialized JPA EntityManagerFactory for persistence unit 'default'
2026-04-05T16:47:12.742+07:00  INFO 19172 --- [           main] o.s.d.j.r.query.QueryEnhancerFactory     : Hibernate is in classpath; If applicable, HQL parser will be used.
Hibernate: select m1_0.id,m1_0.age_rating,m1_0.backdrop_url,m1_0.cast_text,m1_0.created_at,m1_0.description,m1_0.director,m1_0.duration_minutes,m1_0.genre,m1_0.language,m1_0.movie_id,m1_0.overview_en,m1_0.overview_vi,m1_0.poster_url,m1_0.runtime,m1_0.status,m1_0.title,m1_0.title_en,m1_0.title_vi,m1_0.tmdb_id,m1_0.updated_at from movies m1_0
2026-04-05T16:47:17.014+07:00  INFO 19172 --- [           main] .MovieBookingApiApplication$AutoSyncTask : Auto TMDB sync imported=0 elapsed=3676ms
2026-04-05T16:47:17.677+07:00  INFO 19172 --- [           main] o.s.b.a.e.web.EndpointLinksResolver      : Exposing 1 endpoint beneath base path '/actuator'
2026-04-05T16:47:17.736+07:00  INFO 19172 --- [           main] r$InitializeUserDetailsManagerConfigurer : Global AuthenticationManager configured with UserDetailsService bean with name customUserDetailsService
2026-04-05T16:47:17.833+07:00 DEBUG 19172 --- [           main] o.s.s.web.DefaultSecurityFilterChain     : Will secure any request with filters: DisableEncodeUrlFilter, WebAsyncManagerIntegrationFilter, SecurityContextHolderFilter, HeaderWriterFilter, CorsFilter, LogoutFilter, JwtAuthenticationFilter, RequestCacheAwareFilter, SecurityContextHolderAwareRequestFilter, AnonymousAuthenticationFilter, SessionManagementFilter, ExceptionTranslationFilter, AuthorizationFilter
2026-04-05T16:47:18.261+07:00  INFO 19172 --- [           main] o.s.b.w.embedded.tomcat.TomcatWebServer  : Tomcat started on port 8081 (http) with context path '/'
2026-04-05T16:47:18.280+07:00  INFO 19172 --- [           main] c.m.m.MovieBookingApiApplication         : Started MovieBookingApiApplication in 10.829 seconds (process running for 11.209)
Hibernate: select u1_0.id from users u1_0 where u1_0.email=? limit ?
2026-04-05T16:47:18.350+07:00  INFO 19172 --- [           main] c.m.m.config.DataInitializer             : Admin account already exists: admin@gmail.com
Hibernate: select u1_0.id from users u1_0 where u1_0.email=? limit ?
Hibernate: select u1_0.id from users u1_0 where u1_0.email=? limit ?
Hibernate: select u1_0.id from users u1_0 where u1_0.email=? limit ?
Hibernate: select u1_0.id from users u1_0 where u1_0.email=? limit ?
Hibernate: select u1_0.id from users u1_0 where u1_0.email=? limit ?
Hibernate: select u1_0.id from users u1_0 where u1_0.email=? limit ?
Hibernate: select u1_0.id from users u1_0 where u1_0.email=? limit ?
Hibernate: select m1_0.id,m1_0.age_rating,m1_0.backdrop_url,m1_0.cast_text,m1_0.created_at,m1_0.description,m1_0.director,m1_0.duration_minutes,m1_0.genre,m1_0.language,m1_0.movie_id,m1_0.overview_en,m1_0.overview_vi,m1_0.poster_url,m1_0.runtime,m1_0.status,m1_0.title,m1_0.title_en,m1_0.title_vi,m1_0.tmdb_id,m1_0.updated_at from movies m1_0
2026-04-05T16:47:20.528+07:00  INFO 19172 --- [           main] .MovieBookingApiApplication$AutoSyncTask : Auto TMDB sync imported=0 elapsed=2166ms
2026-04-05T16:47:22.349+07:00  INFO 19172 --- [nio-8081-exec-1] o.apache.tomcat.util.http.parser.Cookie  : A cookie header was received [g_state={"i_l":0,"i_ll":1775054509662,"i_e":{"enable_itp_optimization":0},"i_b":"46lneW0+4K5/uSWAHFQGhV+5B3WDDl4qlH56i460jQk"}] that contained an invalid cookie. That cookie will be ignored.
 Note: further occurrences of this error will be logged at DEBUG level.
2026-04-05T16:47:22.353+07:00  INFO 19172 --- [nio-8081-exec-1] o.a.c.c.C.[Tomcat].[localhost].[/]       : Initializing Spring DispatcherServlet 'dispatcherServlet'
2026-04-05T16:47:22.353+07:00  INFO 19172 --- [nio-8081-exec-1] o.s.web.servlet.DispatcherServlet        : Initializing Servlet 'dispatcherServlet'
2026-04-05T16:47:22.356+07:00  INFO 19172 --- [nio-8081-exec-1] o.s.web.servlet.DispatcherServlet        : Completed initialization in 3 ms
2026-04-05T16:47:22.380+07:00 DEBUG 19172 --- [nio-8081-exec-1] o.s.security.web.FilterChainProxy        : Securing GET /site/detail.html?movieId=1523145
2026-04-05T16:47:22.394+07:00 DEBUG 19172 --- [nio-8081-exec-1] o.s.s.w.a.AnonymousAuthenticationFilter  : Set SecurityContextHolder to anonymous SecurityContext
2026-04-05T16:47:22.404+07:00 DEBUG 19172 --- [nio-8081-exec-1] o.s.security.web.FilterChainProxy        : Secured GET /site/detail.html?movieId=1523145
2026-04-05T16:47:22.512+07:00 DEBUG 19172 --- [nio-8081-exec-2] o.s.security.web.FilterChainProxy        : Securing GET /site/common.css
2026-04-05T16:47:22.513+07:00 DEBUG 19172 --- [nio-8081-exec-2] o.s.s.w.a.AnonymousAuthenticationFilter  : Set SecurityContextHolder to anonymous SecurityContext
2026-04-05T16:47:22.514+07:00 DEBUG 19172 --- [nio-8081-exec-3] o.s.security.web.FilterChainProxy        : Securing GET /site/common.js
2026-04-05T16:47:22.515+07:00 DEBUG 19172 --- [nio-8081-exec-2] o.s.security.web.FilterChainProxy        : Secured GET /site/common.css
2026-04-05T16:47:22.515+07:00 DEBUG 19172 --- [nio-8081-exec-3] o.s.s.w.a.AnonymousAuthenticationFilter  : Set SecurityContextHolder to anonymous SecurityContext
2026-04-05T16:47:22.516+07:00 DEBUG 19172 --- [nio-8081-exec-3] o.s.security.web.FilterChainProxy        : Secured GET /site/common.js
2026-04-05T16:47:22.748+07:00 DEBUG 19172 --- [nio-8081-exec-7] o.s.security.web.FilterChainProxy        : Securing GET /api/movies/public/full-detail?movieId=1523145
2026-04-05T16:47:22.749+07:00 DEBUG 19172 --- [nio-8081-exec-7] o.s.s.w.a.AnonymousAuthenticationFilter  : Set SecurityContextHolder to anonymous SecurityContext
2026-04-05T16:47:22.750+07:00 DEBUG 19172 --- [nio-8081-exec-7] o.s.security.web.FilterChainProxy        : Secured GET /api/movies/public/full-detail?movieId=1523145
Hibernate: select m1_0.id,m1_0.age_rating,m1_0.backdrop_url,m1_0.cast_text,m1_0.created_at,m1_0.description,m1_0.director,m1_0.duration_minutes,m1_0.genre,m1_0.language,m1_0.movie_id,m1_0.overview_en,m1_0.overview_vi,m1_0.poster_url,m1_0.runtime,m1_0.status,m1_0.title,m1_0.title_en,m1_0.title_vi,m1_0.tmdb_id,m1_0.updated_at from movies m1_0 where m1_0.id=?
Hibernate: select m1_0.id,m1_0.age_rating,m1_0.backdrop_url,m1_0.cast_text,m1_0.created_at,m1_0.description,m1_0.director,m1_0.duration_minutes,m1_0.genre,m1_0.language,m1_0.movie_id,m1_0.overview_en,m1_0.overview_vi,m1_0.poster_url,m1_0.runtime,m1_0.status,m1_0.title,m1_0.title_en,m1_0.title_vi,m1_0.tmdb_id,m1_0.updated_at from movies m1_0 where m1_0.tmdb_id=?
Hibernate: select m1_0.id,m1_0.age_rating,m1_0.backdrop_url,m1_0.cast_text,m1_0.created_at,m1_0.description,m1_0.director,m1_0.duration_minutes,m1_0.genre,m1_0.language,m1_0.movie_id,m1_0.overview_en,m1_0.overview_vi,m1_0.poster_url,m1_0.runtime,m1_0.status,m1_0.title,m1_0.title_en,m1_0.title_vi,m1_0.tmdb_id,m1_0.updated_at from movies m1_0
Hibernate: select m1_0.id,m1_0.age_rating,m1_0.backdrop_url,m1_0.cast_text,m1_0.created_at,m1_0.description,m1_0.director,m1_0.duration_minutes,m1_0.genre,m1_0.language,m1_0.movie_id,m1_0.overview_en,m1_0.overview_vi,m1_0.poster_url,m1_0.runtime,m1_0.status,m1_0.title,m1_0.title_en,m1_0.title_vi,m1_0.tmdb_id,m1_0.updated_at from movies m1_0 where m1_0.tmdb_id=?
Hibernate: select st1_0.id,st1_0.cinema,st1_0.currency,st1_0.disabled,st1_0.duration_minutes,st1_0.format,st1_0.movie_id,st1_0.movie_title,st1_0.movie_tmdb_id,st1_0.price,st1_0.price_vip,st1_0.room,st1_0.start_time,st1_0.status from show_times st1_0 where st1_0.movie_id=?
2026-04-05T16:47:25.490+07:00  INFO 19172 --- [   scheduling-1] .MovieBookingApiApplication$AutoSyncTask : Auto TMDB sync imported=0 elapsed=2200ms
Hibernate: UPDATE show_times SET status = 'UPCOMING' WHERE (disabled IS NULL OR disabled = FALSE) AND status <> 'CANCELLED' AND start_time > NOW() AND status <> 'UPCOMING'
Hibernate: UPDATE show_times SET status = 'ACTIVE' WHERE (disabled IS NULL OR disabled = FALSE) AND status <> 'CANCELLED' AND start_time <= NOW() AND DATE_ADD(start_time, INTERVAL duration_minutes MINUTE) >= NOW() AND status <> 'ACTIVE'
Hibernate: UPDATE show_times SET status = 'FINISHED' WHERE (disabled IS NULL OR disabled = FALSE) AND status <> 'CANCELLED' AND DATE_ADD(start_time, INTERVAL duration_minutes MINUTE) < NOW() AND status <> 'FINISHED'
Hibernate: select s1_0.id,s1_0.code,s1_0.col_index,s1_0.held_by,s1_0.held_until,s1_0.number,s1_0.price,s1_0.row_label,s1_0.row_index,s1_0.section,s1_0.showtime_id,s1_0.status,s1_0.type from seats s1_0 where s1_0.status='HELD' and s1_0.held_until is not null and s1_0.held_until<? for update
2026-04-05T16:47:31.389+07:00 DEBUG 19172 --- [nio-8081-exec-5] o.s.security.web.FilterChainProxy        : Securing GET /site/detail.html?movieId=1523145
2026-04-05T16:47:31.390+07:00 DEBUG 19172 --- [nio-8081-exec-5] o.s.s.w.a.AnonymousAuthenticationFilter  : Set SecurityContextHolder to anonymous SecurityContext
2026-04-05T16:47:31.390+07:00 DEBUG 19172 --- [nio-8081-exec-5] o.s.security.web.FilterChainProxy        : Secured GET /site/detail.html?movieId=1523145
2026-04-05T16:47:31.423+07:00 DEBUG 19172 --- [nio-8081-exec-4] o.s.security.web.FilterChainProxy        : Securing GET /site/common.js
2026-04-05T16:47:31.423+07:00 DEBUG 19172 --- [nio-8081-exec-9] o.s.security.web.FilterChainProxy        : Securing GET /site/common.css
2026-04-05T16:47:31.424+07:00 DEBUG 19172 --- [nio-8081-exec-9] o.s.s.w.a.AnonymousAuthenticationFilter  : Set SecurityContextHolder to anonymous SecurityContext
2026-04-05T16:47:31.424+07:00 DEBUG 19172 --- [nio-8081-exec-4] o.s.s.w.a.AnonymousAuthenticationFilter  : Set SecurityContextHolder to anonymous SecurityContext
2026-04-05T16:47:31.424+07:00 DEBUG 19172 --- [nio-8081-exec-9] o.s.security.web.FilterChainProxy        : Secured GET /site/common.css
2026-04-05T16:47:31.424+07:00 DEBUG 19172 --- [nio-8081-exec-4] o.s.security.web.FilterChainProxy        : Secured GET /site/common.js
2026-04-05T16:47:31.448+07:00 DEBUG 19172 --- [nio-8081-exec-8] o.s.security.web.FilterChainProxy        : Securing GET /api/movies/public/full-detail?movieId=1523145
2026-04-05T16:47:31.449+07:00 DEBUG 19172 --- [nio-8081-exec-8] o.s.s.w.a.AnonymousAuthenticationFilter  : Set SecurityContextHolder to anonymous SecurityContext
2026-04-05T16:47:31.450+07:00 DEBUG 19172 --- [nio-8081-exec-8] o.s.security.web.FilterChainProxy        : Secured GET /api/movies/public/full-detail?movieId=1523145
Hibernate: select m1_0.id,m1_0.age_rating,m1_0.backdrop_url,m1_0.cast_text,m1_0.created_at,m1_0.description,m1_0.director,m1_0.duration_minutes,m1_0.genre,m1_0.language,m1_0.movie_id,m1_0.overview_en,m1_0.overview_vi,m1_0.poster_url,m1_0.runtime,m1_0.status,m1_0.title,m1_0.title_en,m1_0.title_vi,m1_0.tmdb_id,m1_0.updated_at from movies m1_0 where m1_0.id=?
Hibernate: select m1_0.id,m1_0.age_rating,m1_0.backdrop_url,m1_0.cast_text,m1_0.created_at,m1_0.description,m1_0.director,m1_0.duration_minutes,m1_0.genre,m1_0.language,m1_0.movie_id,m1_0.overview_en,m1_0.overview_vi,m1_0.poster_url,m1_0.runtime,m1_0.status,m1_0.title,m1_0.title_en,m1_0.title_vi,m1_0.tmdb_id,m1_0.updated_at from movies m1_0 where m1_0.tmdb_id=?
Hibernate: select m1_0.id,m1_0.age_rating,m1_0.backdrop_url,m1_0.cast_text,m1_0.created_at,m1_0.description,m1_0.director,m1_0.duration_minutes,m1_0.genre,m1_0.language,m1_0.movie_id,m1_0.overview_en,m1_0.overview_vi,m1_0.poster_url,m1_0.runtime,m1_0.status,m1_0.title,m1_0.title_en,m1_0.title_vi,m1_0.tmdb_id,m1_0.updated_at from movies m1_0 where m1_0.tmdb_id=?
Hibernate: select s1_0.id,s1_0.code,s1_0.col_index,s1_0.held_by,s1_0.held_until,s1_0.number,s1_0.price,s1_0.row_label,s1_0.row_index,s1_0.section,s1_0.showtime_id,s1_0.status,s1_0.type from seats s1_0 where s1_0.status='HELD' and s1_0.held_until is not null and s1_0.held_until<? for update
Hibernate: select st1_0.id,st1_0.cinema,st1_0.currency,st1_0.disabled,st1_0.duration_minutes,st1_0.format,st1_0.movie_id,st1_0.movie_title,st1_0.movie_tmdb_id,st1_0.price,st1_0.price_vip,st1_0.room,st1_0.start_time,st1_0.status from show_times st1_0 where st1_0.movie_id=?
Hibernate: select s1_0.id,s1_0.code,s1_0.col_index,s1_0.held_by,s1_0.held_until,s1_0.number,s1_0.price,s1_0.row_label,s1_0.row_index,s1_0.section,s1_0.showtime_id,s1_0.status,s1_0.type from seats s1_0 where s1_0.status='HELD' and s1_0.held_until is not null and s1_0.held_until<? for update
2026-04-05T16:47:41.751+07:00 DEBUG 19172 --- [nio-8081-exec-6] o.s.security.web.FilterChainProxy        : Securing GET /api/movies/public/full-detail?movieId=101
2026-04-05T16:47:41.753+07:00 DEBUG 19172 --- [nio-8081-exec-6] o.s.s.w.a.AnonymousAuthenticationFilter  : Set SecurityContextHolder to anonymous SecurityContext
2026-04-05T16:47:41.753+07:00 DEBUG 19172 --- [nio-8081-exec-6] o.s.security.web.FilterChainProxy        : Secured GET /api/movies/public/full-detail?movieId=101
Hibernate: select m1_0.id,m1_0.age_rating,m1_0.backdrop_url,m1_0.cast_text,m1_0.created_at,m1_0.description,m1_0.director,m1_0.duration_minutes,m1_0.genre,m1_0.language,m1_0.movie_id,m1_0.overview_en,m1_0.overview_vi,m1_0.poster_url,m1_0.runtime,m1_0.status,m1_0.title,m1_0.title_en,m1_0.title_vi,m1_0.tmdb_id,m1_0.updated_at from movies m1_0 where m1_0.id=?
Hibernate: select m1_0.id,m1_0.age_rating,m1_0.backdrop_url,m1_0.cast_text,m1_0.created_at,m1_0.description,m1_0.director,m1_0.duration_minutes,m1_0.genre,m1_0.language,m1_0.movie_id,m1_0.overview_en,m1_0.overview_vi,m1_0.poster_url,m1_0.runtime,m1_0.status,m1_0.title,m1_0.title_en,m1_0.title_vi,m1_0.tmdb_id,m1_0.updated_at from movies m1_0 where m1_0.tmdb_id=?
Hibernate: select s1_0.id,s1_0.code,s1_0.col_index,s1_0.held_by,s1_0.held_until,s1_0.number,s1_0.price,s1_0.row_label,s1_0.row_index,s1_0.section,s1_0.showtime_id,s1_0.status,s1_0.type from seats s1_0 where s1_0.status='HELD' and s1_0.held_until is not null and s1_0.held_until<? for update
Hibernate: select st1_0.id,st1_0.cinema,st1_0.currency,st1_0.disabled,st1_0.duration_minutes,st1_0.format,st1_0.movie_id,st1_0.movie_title,st1_0.movie_tmdb_id,st1_0.price,st1_0.price_vip,st1_0.room,st1_0.start_time,st1_0.status from show_times st1_0 where st1_0.movie_id=?
2026-04-05T16:47:44.529+07:00 DEBUG 19172 --- [io-8081-exec-10] o.s.security.web.FilterChainProxy        : Securing GET /site/home.html
2026-04-05T16:47:44.530+07:00 DEBUG 19172 --- [io-8081-exec-10] o.s.s.w.a.AnonymousAuthenticationFilter  : Set SecurityContextHolder to anonymous SecurityContext
2026-04-05T16:47:44.532+07:00 DEBUG 19172 --- [io-8081-exec-10] o.s.security.web.FilterChainProxy        : Secured GET /site/home.html
2026-04-05T16:47:44.630+07:00 DEBUG 19172 --- [nio-8081-exec-1] o.s.security.web.FilterChainProxy        : Securing GET /site/common.css
2026-04-05T16:47:44.631+07:00 DEBUG 19172 --- [nio-8081-exec-1] o.s.s.w.a.AnonymousAuthenticationFilter  : Set SecurityContextHolder to anonymous SecurityContext
2026-04-05T16:47:44.631+07:00 DEBUG 19172 --- [nio-8081-exec-2] o.s.security.web.FilterChainProxy        : Securing GET /site/common.js
2026-04-05T16:47:44.631+07:00 DEBUG 19172 --- [nio-8081-exec-2] o.s.s.w.a.AnonymousAuthenticationFilter  : Set SecurityContextHolder to anonymous SecurityContext
2026-04-05T16:47:44.631+07:00 DEBUG 19172 --- [nio-8081-exec-1] o.s.security.web.FilterChainProxy        : Secured GET /site/common.css
2026-04-05T16:47:44.632+07:00 DEBUG 19172 --- [nio-8081-exec-2] o.s.security.web.FilterChainProxy        : Secured GET /site/common.js
2026-04-05T16:47:44.652+07:00 DEBUG 19172 --- [nio-8081-exec-3] o.s.security.web.FilterChainProxy        : Securing GET /api/movies/public/tmdb/now-playing?page=1&language=vi-VN
2026-04-05T16:47:44.653+07:00 DEBUG 19172 --- [nio-8081-exec-3] o.s.s.w.a.AnonymousAuthenticationFilter  : Set SecurityContextHolder to anonymous SecurityContext
2026-04-05T16:47:44.654+07:00 DEBUG 19172 --- [nio-8081-exec-3] o.s.security.web.FilterChainProxy        : Secured GET /api/movies/public/tmdb/now-playing?page=1&language=vi-VN
2026-04-05T16:47:46.255+07:00 DEBUG 19172 --- [nio-8081-exec-7] o.s.security.web.FilterChainProxy        : Securing GET /api/movies/public/tmdb/upcoming?page=1&language=vi-VN
2026-04-05T16:47:46.255+07:00 DEBUG 19172 --- [nio-8081-exec-7] o.s.s.w.a.AnonymousAuthenticationFilter  : Set SecurityContextHolder to anonymous SecurityContext
2026-04-05T16:47:46.255+07:00 DEBUG 19172 --- [nio-8081-exec-7] o.s.security.web.FilterChainProxy        : Secured GET /api/movies/public/tmdb/upcoming?page=1&language=vi-VN
2026-04-05T16:47:46.818+07:00 DEBUG 19172 --- [nio-8081-exec-9] o.s.security.web.FilterChainProxy        : Securing GET /api/movies/public/img?path=%2FkKF4gEiBDArhONlCcunHVgBp3bA.jpg&size=original
2026-04-05T16:47:46.818+07:00 DEBUG 19172 --- [nio-8081-exec-5] o.s.security.web.FilterChainProxy        : Securing GET /api/movies/public/img?path=%2F1x9e0qWonw634NhIsRdvnneeqvN.jpg&size=original
2026-04-05T16:47:46.818+07:00 DEBUG 19172 --- [nio-8081-exec-4] o.s.security.web.FilterChainProxy        : Securing GET /api/movies/public/img?path=%2FuNToXatdunyvWXyXMrTI1nLvh6r.jpg&size=original
2026-04-05T16:47:46.819+07:00 DEBUG 19172 --- [nio-8081-exec-9] o.s.s.w.a.AnonymousAuthenticationFilter  : Set SecurityContextHolder to anonymous SecurityContext
2026-04-05T16:47:46.819+07:00 DEBUG 19172 --- [nio-8081-exec-4] o.s.s.w.a.AnonymousAuthenticationFilter  : Set SecurityContextHolder to anonymous SecurityContext
2026-04-05T16:47:46.819+07:00 DEBUG 19172 --- [nio-8081-exec-5] o.s.s.w.a.AnonymousAuthenticationFilter  : Set SecurityContextHolder to anonymous SecurityContext
2026-04-05T16:47:46.819+07:00 DEBUG 19172 --- [nio-8081-exec-9] o.s.security.web.FilterChainProxy        : Secured GET /api/movies/public/img?path=%2FkKF4gEiBDArhONlCcunHVgBp3bA.jpg&size=original
2026-04-05T16:47:46.819+07:00 DEBUG 19172 --- [nio-8081-exec-4] o.s.security.web.FilterChainProxy        : Secured GET /api/movies/public/img?path=%2FuNToXatdunyvWXyXMrTI1nLvh6r.jpg&size=original
2026-04-05T16:47:46.819+07:00 DEBUG 19172 --- [nio-8081-exec-6] o.s.security.web.FilterChainProxy        : Securing GET /api/movies/public/img?path=%2Fu53UYu5XG2hNgWGvs3xGhAVzypl.jpg&size=original
2026-04-05T16:47:46.819+07:00 DEBUG 19172 --- [nio-8081-exec-5] o.s.security.web.FilterChainProxy        : Secured GET /api/movies/public/img?path=%2F1x9e0qWonw634NhIsRdvnneeqvN.jpg&size=original
2026-04-05T16:47:46.820+07:00 DEBUG 19172 --- [nio-8081-exec-8] o.s.security.web.FilterChainProxy        : Securing GET /api/movies/public/img?path=%2FnHxWyy18SvAZ8jJeemtS8k1UNjM.jpg&size=original
2026-04-05T16:47:46.820+07:00 DEBUG 19172 --- [nio-8081-exec-6] o.s.s.w.a.AnonymousAuthenticationFilter  : Set SecurityContextHolder to anonymous SecurityContext
2026-04-05T16:47:46.820+07:00 DEBUG 19172 --- [nio-8081-exec-8] o.s.s.w.a.AnonymousAuthenticationFilter  : Set SecurityContextHolder to anonymous SecurityContext
2026-04-05T16:47:46.821+07:00 DEBUG 19172 --- [nio-8081-exec-6] o.s.security.web.FilterChainProxy        : Secured GET /api/movies/public/img?path=%2Fu53UYu5XG2hNgWGvs3xGhAVzypl.jpg&size=original
2026-04-05T16:47:46.821+07:00 DEBUG 19172 --- [nio-8081-exec-8] o.s.security.web.FilterChainProxy        : Secured GET /api/movies/public/img?path=%2FnHxWyy18SvAZ8jJeemtS8k1UNjM.jpg&size=original
2026-04-05T16:47:46.886+07:00 DEBUG 19172 --- [io-8081-exec-10] o.s.security.web.FilterChainProxy        : Securing GET /api/movies/public/img?path=%2FiGpMm603GUKH2SiXB2S5m4sZ17t.jpg&size=w500
2026-04-05T16:47:46.887+07:00 DEBUG 19172 --- [io-8081-exec-10] o.s.s.w.a.AnonymousAuthenticationFilter  : Set SecurityContextHolder to anonymous SecurityContext
2026-04-05T16:47:46.888+07:00 DEBUG 19172 --- [io-8081-exec-10] o.s.security.web.FilterChainProxy        : Secured GET /api/movies/public/img?path=%2FiGpMm603GUKH2SiXB2S5m4sZ17t.jpg&size=w500
2026-04-05T16:47:47.058+07:00 DEBUG 19172 --- [nio-8081-exec-2] o.s.security.web.FilterChainProxy        : Securing GET /api/movies/public/img?path=%2F2i7DfVMYX7DyjmQiX64Le8uK45K.jpg&size=w500
2026-04-05T16:47:47.059+07:00 DEBUG 19172 --- [nio-8081-exec-2] o.s.s.w.a.AnonymousAuthenticationFilter  : Set SecurityContextHolder to anonymous SecurityContext
2026-04-05T16:47:47.059+07:00 DEBUG 19172 --- [nio-8081-exec-2] o.s.security.web.FilterChainProxy        : Secured GET /api/movies/public/img?path=%2F2i7DfVMYX7DyjmQiX64Le8uK45K.jpg&size=w500
2026-04-05T16:47:47.073+07:00 DEBUG 19172 --- [nio-8081-exec-1] o.s.security.web.FilterChainProxy        : Securing GET /api/movies/public/img?path=%2F7F0jc75HrSkLVcvOXR2FXAIwuEv.jpg&size=w500
2026-04-05T16:47:47.074+07:00 DEBUG 19172 --- [nio-8081-exec-1] o.s.s.w.a.AnonymousAuthenticationFilter  : Set SecurityContextHolder to anonymous SecurityContext
2026-04-05T16:47:47.076+07:00 DEBUG 19172 --- [nio-8081-exec-1] o.s.security.web.FilterChainProxy        : Secured GET /api/movies/public/img?path=%2F7F0jc75HrSkLVcvOXR2FXAIwuEv.jpg&size=w500
2026-04-05T16:47:47.161+07:00 DEBUG 19172 --- [nio-8081-exec-3] o.s.security.web.FilterChainProxy        : Securing GET /api/movies/public/img?path=%2FmucESEbFFqk3ilVpNxEF53IHIVT.jpg&size=w500
2026-04-05T16:47:47.162+07:00 DEBUG 19172 --- [nio-8081-exec-3] o.s.s.w.a.AnonymousAuthenticationFilter  : Set SecurityContextHolder to anonymous SecurityContext
2026-04-05T16:47:47.162+07:00 DEBUG 19172 --- [nio-8081-exec-3] o.s.security.web.FilterChainProxy        : Secured GET /api/movies/public/img?path=%2FmucESEbFFqk3ilVpNxEF53IHIVT.jpg&size=w500
2026-04-05T16:47:47.254+07:00 DEBUG 19172 --- [nio-8081-exec-7] o.s.security.web.FilterChainProxy        : Securing GET /api/movies/public/img?path=%2F1A7WxXAYddDCrO9dTCEdSzQKU9d.jpg&size=w500
2026-04-05T16:47:47.255+07:00 DEBUG 19172 --- [nio-8081-exec-7] o.s.s.w.a.AnonymousAuthenticationFilter  : Set SecurityContextHolder to anonymous SecurityContext
2026-04-05T16:47:47.256+07:00 DEBUG 19172 --- [nio-8081-exec-7] o.s.security.web.FilterChainProxy        : Secured GET /api/movies/public/img?path=%2F1A7WxXAYddDCrO9dTCEdSzQKU9d.jpg&size=w500
2026-04-05T16:47:47.282+07:00 DEBUG 19172 --- [io-8081-exec-10] o.s.security.web.FilterChainProxy        : Securing GET /api/movies/public/img?path=%2FwZRJ3Q2XRJHov1SS80sTXbfjkz9.jpg&size=w500
2026-04-05T16:47:47.282+07:00 DEBUG 19172 --- [nio-8081-exec-5] o.s.security.web.FilterChainProxy        : Securing GET /api/movies/public/img?path=%2Fh1FlxHYiVcZVkIE5XW599ZkV6Sr.jpg&size=w500
2026-04-05T16:47:47.282+07:00 DEBUG 19172 --- [nio-8081-exec-5] o.s.s.w.a.AnonymousAuthenticationFilter  : Set SecurityContextHolder to anonymous SecurityContext
2026-04-05T16:47:47.284+07:00 DEBUG 19172 --- [nio-8081-exec-5] o.s.security.web.FilterChainProxy        : Secured GET /api/movies/public/img?path=%2Fh1FlxHYiVcZVkIE5XW599ZkV6Sr.jpg&size=w500
2026-04-05T16:47:47.284+07:00 DEBUG 19172 --- [io-8081-exec-10] o.s.s.w.a.AnonymousAuthenticationFilter  : Set SecurityContextHolder to anonymous SecurityContext
2026-04-05T16:47:47.285+07:00 DEBUG 19172 --- [io-8081-exec-10] o.s.security.web.FilterChainProxy        : Secured GET /api/movies/public/img?path=%2FwZRJ3Q2XRJHov1SS80sTXbfjkz9.jpg&size=w500
2026-04-05T16:47:47.291+07:00 DEBUG 19172 --- [nio-8081-exec-9] o.s.security.web.FilterChainProxy        : Securing GET /api/movies/public/img?path=%2FznTPnXCK3lEQJgqXCvP7e5FUz6f.jpg&size=w500
2026-04-05T16:47:47.291+07:00 DEBUG 19172 --- [nio-8081-exec-9] o.s.s.w.a.AnonymousAuthenticationFilter  : Set SecurityContextHolder to anonymous SecurityContext
2026-04-05T16:47:47.292+07:00 DEBUG 19172 --- [nio-8081-exec-9] o.s.security.web.FilterChainProxy        : Secured GET /api/movies/public/img?path=%2FznTPnXCK3lEQJgqXCvP7e5FUz6f.jpg&size=w500
2026-04-05T16:47:47.301+07:00 DEBUG 19172 --- [nio-8081-exec-8] o.s.security.web.FilterChainProxy        : Securing GET /api/movies/public/img?path=%2FnXXpliMy4Y0mwRa4OlhOb6GyOEE.jpg&size=w500
2026-04-05T16:47:47.303+07:00 DEBUG 19172 --- [nio-8081-exec-8] o.s.s.w.a.AnonymousAuthenticationFilter  : Set SecurityContextHolder to anonymous SecurityContext
2026-04-05T16:47:47.305+07:00 DEBUG 19172 --- [nio-8081-exec-8] o.s.security.web.FilterChainProxy        : Secured GET /api/movies/public/img?path=%2FnXXpliMy4Y0mwRa4OlhOb6GyOEE.jpg&size=w500
2026-04-05T16:47:47.388+07:00 DEBUG 19172 --- [nio-8081-exec-6] o.s.security.web.FilterChainProxy        : Securing GET /api/movies/public/img?path=%2F7NzV9SN5ocWzMrdQw9fFDgLYVJC.jpg&size=w500
2026-04-05T16:47:47.391+07:00 DEBUG 19172 --- [nio-8081-exec-6] o.s.s.w.a.AnonymousAuthenticationFilter  : Set SecurityContextHolder to anonymous SecurityContext
2026-04-05T16:47:47.392+07:00 DEBUG 19172 --- [nio-8081-exec-6] o.s.security.web.FilterChainProxy        : Secured GET /api/movies/public/img?path=%2F7NzV9SN5ocWzMrdQw9fFDgLYVJC.jpg&size=w500
2026-04-05T16:47:47.458+07:00 DEBUG 19172 --- [nio-8081-exec-7] o.s.security.web.FilterChainProxy        : Securing GET /api/movies/public/img?path=%2Fo3mnfe0nJuD5oBBbGebN3xGYzaK.jpg&size=w500
2026-04-05T16:47:47.463+07:00 DEBUG 19172 --- [nio-8081-exec-7] o.s.s.w.a.AnonymousAuthenticationFilter  : Set SecurityContextHolder to anonymous SecurityContext
2026-04-05T16:47:47.463+07:00 DEBUG 19172 --- [nio-8081-exec-7] o.s.security.web.FilterChainProxy        : Secured GET /api/movies/public/img?path=%2Fo3mnfe0nJuD5oBBbGebN3xGYzaK.jpg&size=w500
2026-04-05T16:47:47.466+07:00 DEBUG 19172 --- [nio-8081-exec-4] o.s.security.web.FilterChainProxy        : Securing GET /api/movies/public/img?path=%2Fm1Zl07DNYeSyNcz9hf8hDsS2oB5.jpg&size=w500
2026-04-05T16:47:47.466+07:00 DEBUG 19172 --- [nio-8081-exec-4] o.s.s.w.a.AnonymousAuthenticationFilter  : Set SecurityContextHolder to anonymous SecurityContext
2026-04-05T16:47:47.467+07:00 DEBUG 19172 --- [nio-8081-exec-4] o.s.security.web.FilterChainProxy        : Secured GET /api/movies/public/img?path=%2Fm1Zl07DNYeSyNcz9hf8hDsS2oB5.jpg&size=w500
Hibernate: select s1_0.id,s1_0.code,s1_0.col_index,s1_0.held_by,s1_0.held_until,s1_0.number,s1_0.price,s1_0.row_label,s1_0.row_index,s1_0.section,s1_0.showtime_id,s1_0.status,s1_0.type from seats s1_0 where s1_0.status='HELD' and s1_0.held_until is not null and s1_0.held_until<? for update
Hibernate: select s1_0.id,s1_0.code,s1_0.col_index,s1_0.held_by,s1_0.held_until,s1_0.number,s1_0.price,s1_0.row_label,s1_0.row_index,s1_0.section,s1_0.showtime_id,s1_0.status,s1_0.type from seats s1_0 where s1_0.status='HELD' and s1_0.held_until is not null and s1_0.held_until<? for update
Hibernate: select s1_0.id,s1_0.code,s1_0.col_index,s1_0.held_by,s1_0.held_until,s1_0.number,s1_0.price,s1_0.row_label,s1_0.row_index,s1_0.section,s1_0.showtime_id,s1_0.status,s1_0.type from seats s1_0 where s1_0.status='HELD' and s1_0.held_until is not null and s1_0.held_until<? for update
Hibernate: select s1_0.id,s1_0.code,s1_0.col_index,s1_0.held_by,s1_0.held_until,s1_0.number,s1_0.price,s1_0.row_label,s1_0.row_index,s1_0.section,s1_0.showtime_id,s1_0.status,s1_0.type from seats s1_0 where s1_0.status='HELD' and s1_0.held_until is not null and s1_0.held_until<? for update
Hibernate: select s1_0.id,s1_0.code,s1_0.col_index,s1_0.held_by,s1_0.held_until,s1_0.number,s1_0.price,s1_0.row_label,s1_0.row_index,s1_0.section,s1_0.showtime_id,s1_0.status,s1_0.type from seats s1_0 where s1_0.status='HELD' and s1_0.held_until is not null and s1_0.held_until<? for update
Hibernate: select s1_0.id,s1_0.code,s1_0.col_index,s1_0.held_by,s1_0.held_until,s1_0.number,s1_0.price,s1_0.row_label,s1_0.row_index,s1_0.section,s1_0.showtime_id,s1_0.status,s1_0.type from seats s1_0 where s1_0.status='HELD' and s1_0.held_until is not null and s1_0.held_until<? for update
Hibernate: select s1_0.id,s1_0.code,s1_0.col_index,s1_0.held_by,s1_0.held_until,s1_0.number,s1_0.price,s1_0.row_label,s1_0.row_index,s1_0.section,s1_0.showtime_id,s1_0.status,s1_0.type from seats s1_0 where s1_0.status='HELD' and s1_0.held_until is not null and s1_0.held_until<? for update
Hibernate: select s1_0.id,s1_0.code,s1_0.col_index,s1_0.held_by,s1_0.held_until,s1_0.number,s1_0.price,s1_0.row_label,s1_0.row_index,s1_0.section,s1_0.showtime_id,s1_0.status,s1_0.type from seats s1_0 where s1_0.status='HELD' and s1_0.held_until is not null and s1_0.held_until<? for update
Hibernate: UPDATE show_times SET status = 'UPCOMING' WHERE (disabled IS NULL OR disabled = FALSE) AND status <> 'CANCELLED' AND start_time > NOW() AND status <> 'UPCOMING'
Hibernate: UPDATE show_times SET status = 'ACTIVE' WHERE (disabled IS NULL OR disabled = FALSE) AND status <> 'CANCELLED' AND start_time <= NOW() AND DATE_ADD(start_time, INTERVAL duration_minutes MINUTE) >= NOW() AND status <> 'ACTIVE'
Hibernate: UPDATE show_times SET status = 'FINISHED' WHERE (disabled IS NULL OR disabled = FALSE) AND status <> 'CANCELLED' AND DATE_ADD(start_time, INTERVAL duration_minutes MINUTE) < NOW() AND status <> 'FINISHED'
Hibernate: select s1_0.id,s1_0.code,s1_0.col_index,s1_0.held_by,s1_0.held_until,s1_0.number,s1_0.price,s1_0.row_label,s1_0.row_index,s1_0.section,s1_0.showtime_id,s1_0.status,s1_0.type from seats s1_0 where s1_0.status='HELD' and s1_0.held_until is not null and s1_0.held_until<? for update
Hibernate: select s1_0.id,s1_0.code,s1_0.col_index,s1_0.held_by,s1_0.held_until,s1_0.number,s1_0.price,s1_0.row_label,s1_0.row_index,s1_0.section,s1_0.showtime_id,s1_0.status,s1_0.type from seats s1_0 where s1_0.status='HELD' and s1_0.held_until is not null and s1_0.held_until<? for update
Hibernate: select s1_0.id,s1_0.code,s1_0.col_index,s1_0.held_by,s1_0.held_until,s1_0.number,s1_0.price,s1_0.row_label,s1_0.row_index,s1_0.section,s1_0.showtime_id,s1_0.status,s1_0.type from seats s1_0 where s1_0.status='HELD' and s1_0.held_until is not null and s1_0.held_until<? for update
Hibernate: select s1_0.id,s1_0.code,s1_0.col_index,s1_0.held_by,s1_0.held_until,s1_0.number,s1_0.price,s1_0.row_label,s1_0.row_index,s1_0.section,s1_0.showtime_id,s1_0.status,s1_0.type from seats s1_0 where s1_0.status='HELD' and s1_0.held_until is not null and s1_0.held_until<? for update
2026-04-05T16:48:45.046+07:00 DEBUG 19172 --- [nio-8081-exec-2] o.s.security.web.FilterChainProxy        : Securing GET /api/movies/public/img?path=%2FkS9AeG0KHfTgze3CkYuhv1vl8EU.jpg&size=w500
2026-04-05T16:48:45.046+07:00 DEBUG 19172 --- [nio-8081-exec-3] o.s.security.web.FilterChainProxy        : Securing GET /api/movies/public/img?path=%2FhMcz9mWJU1bPOWsL6ShQaFLwhbv.jpg&size=w500
2026-04-05T16:48:45.046+07:00 DEBUG 19172 --- [nio-8081-exec-1] o.s.security.web.FilterChainProxy        : Securing GET /api/movies/public/img?path=%2FstM9N7eJmHKLmFR59JG4tLdN7Wk.jpg&size=w500
2026-04-05T16:48:45.046+07:00 DEBUG 19172 --- [nio-8081-exec-5] o.s.security.web.FilterChainProxy        : Securing GET /api/movies/public/img?path=%2FnV99ACeAa8fFFso0tQZ3HktEf5X.jpg&size=w500
2026-04-05T16:48:45.047+07:00 DEBUG 19172 --- [nio-8081-exec-5] o.s.s.w.a.AnonymousAuthenticationFilter  : Set SecurityContextHolder to anonymous SecurityContext
2026-04-05T16:48:45.047+07:00 DEBUG 19172 --- [nio-8081-exec-1] o.s.s.w.a.AnonymousAuthenticationFilter  : Set SecurityContextHolder to anonymous SecurityContext
2026-04-05T16:48:45.047+07:00 DEBUG 19172 --- [nio-8081-exec-3] o.s.s.w.a.AnonymousAuthenticationFilter  : Set SecurityContextHolder to anonymous SecurityContext
2026-04-05T16:48:45.047+07:00 DEBUG 19172 --- [nio-8081-exec-2] o.s.s.w.a.AnonymousAuthenticationFilter  : Set SecurityContextHolder to anonymous SecurityContext
2026-04-05T16:48:45.048+07:00 DEBUG 19172 --- [nio-8081-exec-3] o.s.security.web.FilterChainProxy        : Secured GET /api/movies/public/img?path=%2FhMcz9mWJU1bPOWsL6ShQaFLwhbv.jpg&size=w500
2026-04-05T16:48:45.048+07:00 DEBUG 19172 --- [nio-8081-exec-5] o.s.security.web.FilterChainProxy        : Secured GET /api/movies/public/img?path=%2FnV99ACeAa8fFFso0tQZ3HktEf5X.jpg&size=w500
2026-04-05T16:48:45.048+07:00 DEBUG 19172 --- [nio-8081-exec-1] o.s.security.web.FilterChainProxy        : Secured GET /api/movies/public/img?path=%2FstM9N7eJmHKLmFR59JG4tLdN7Wk.jpg&size=w500
2026-04-05T16:48:45.048+07:00 DEBUG 19172 --- [nio-8081-exec-2] o.s.security.web.FilterChainProxy        : Secured GET /api/movies/public/img?path=%2FkS9AeG0KHfTgze3CkYuhv1vl8EU.jpg&size=w500
Hibernate: select s1_0.id,s1_0.code,s1_0.col_index,s1_0.held_by,s1_0.held_until,s1_0.number,s1_0.price,s1_0.row_label,s1_0.row_index,s1_0.section,s1_0.showtime_id,s1_0.status,s1_0.type from seats s1_0 where s1_0.status='HELD' and s1_0.held_until is not null and s1_0.held_until<? for update
2026-04-05T16:48:52.289+07:00 DEBUG 19172 --- [nio-8081-exec-8] o.s.security.web.FilterChainProxy        : Securing GET /site/detail.html?movieId=1171145
2026-04-05T16:48:52.291+07:00 DEBUG 19172 --- [nio-8081-exec-8] o.s.s.w.a.AnonymousAuthenticationFilter  : Set SecurityContextHolder to anonymous SecurityContext
2026-04-05T16:48:52.292+07:00 DEBUG 19172 --- [nio-8081-exec-8] o.s.security.web.FilterChainProxy        : Secured GET /site/detail.html?movieId=1171145
2026-04-05T16:48:52.363+07:00 DEBUG 19172 --- [nio-8081-exec-6] o.s.security.web.FilterChainProxy        : Securing GET /site/common.css
2026-04-05T16:48:52.363+07:00 DEBUG 19172 --- [nio-8081-exec-6] o.s.s.w.a.AnonymousAuthenticationFilter  : Set SecurityContextHolder to anonymous SecurityContext
2026-04-05T16:48:52.364+07:00 DEBUG 19172 --- [nio-8081-exec-6] o.s.security.web.FilterChainProxy        : Secured GET /site/common.css
2026-04-05T16:48:52.364+07:00 DEBUG 19172 --- [nio-8081-exec-4] o.s.security.web.FilterChainProxy        : Securing GET /site/common.js
2026-04-05T16:48:52.364+07:00 DEBUG 19172 --- [nio-8081-exec-4] o.s.s.w.a.AnonymousAuthenticationFilter  : Set SecurityContextHolder to anonymous SecurityContext
2026-04-05T16:48:52.365+07:00 DEBUG 19172 --- [nio-8081-exec-4] o.s.security.web.FilterChainProxy        : Secured GET /site/common.js
2026-04-05T16:48:52.635+07:00 DEBUG 19172 --- [nio-8081-exec-7] o.s.security.web.FilterChainProxy        : Securing GET /api/movies/public/full-detail?movieId=1171145
2026-04-05T16:48:52.636+07:00 DEBUG 19172 --- [nio-8081-exec-7] o.s.s.w.a.AnonymousAuthenticationFilter  : Set SecurityContextHolder to anonymous SecurityContext
2026-04-05T16:48:52.637+07:00 DEBUG 19172 --- [nio-8081-exec-7] o.s.security.web.FilterChainProxy        : Secured GET /api/movies/public/full-detail?movieId=1171145
Hibernate: select m1_0.id,m1_0.age_rating,m1_0.backdrop_url,m1_0.cast_text,m1_0.created_at,m1_0.description,m1_0.director,m1_0.duration_minutes,m1_0.genre,m1_0.language,m1_0.movie_id,m1_0.overview_en,m1_0.overview_vi,m1_0.poster_url,m1_0.runtime,m1_0.status,m1_0.title,m1_0.title_en,m1_0.title_vi,m1_0.tmdb_id,m1_0.updated_at from movies m1_0 where m1_0.id=?
Hibernate: select m1_0.id,m1_0.age_rating,m1_0.backdrop_url,m1_0.cast_text,m1_0.created_at,m1_0.description,m1_0.director,m1_0.duration_minutes,m1_0.genre,m1_0.language,m1_0.movie_id,m1_0.overview_en,m1_0.overview_vi,m1_0.poster_url,m1_0.runtime,m1_0.status,m1_0.title,m1_0.title_en,m1_0.title_vi,m1_0.tmdb_id,m1_0.updated_at from movies m1_0 where m1_0.tmdb_id=?
Hibernate: select s1_0.id,s1_0.code,s1_0.col_index,s1_0.held_by,s1_0.held_until,s1_0.number,s1_0.price,s1_0.row_label,s1_0.row_index,s1_0.section,s1_0.showtime_id,s1_0.status,s1_0.type from seats s1_0 where s1_0.status='HELD' and s1_0.held_until is not null and s1_0.held_until<? for update
Hibernate: select m1_0.id,m1_0.age_rating,m1_0.backdrop_url,m1_0.cast_text,m1_0.created_at,m1_0.description,m1_0.director,m1_0.duration_minutes,m1_0.genre,m1_0.language,m1_0.movie_id,m1_0.overview_en,m1_0.overview_vi,m1_0.poster_url,m1_0.runtime,m1_0.status,m1_0.title,m1_0.title_en,m1_0.title_vi,m1_0.tmdb_id,m1_0.updated_at from movies m1_0 where m1_0.tmdb_id=?
Hibernate: select st1_0.id,st1_0.cinema,st1_0.currency,st1_0.disabled,st1_0.duration_minutes,st1_0.format,st1_0.movie_id,st1_0.movie_title,st1_0.movie_tmdb_id,st1_0.price,st1_0.price_vip,st1_0.room,st1_0.start_time,st1_0.status from show_times st1_0 where st1_0.movie_id=?
Hibernate: select s1_0.id,s1_0.code,s1_0.col_index,s1_0.held_by,s1_0.held_until,s1_0.number,s1_0.price,s1_0.row_label,s1_0.row_index,s1_0.section,s1_0.showtime_id,s1_0.status,s1_0.type from seats s1_0 where s1_0.status='HELD' and s1_0.held_until is not null and s1_0.held_until<? for update
Hibernate: select s1_0.id,s1_0.code,s1_0.col_index,s1_0.held_by,s1_0.held_until,s1_0.number,s1_0.price,s1_0.row_label,s1_0.row_index,s1_0.section,s1_0.showtime_id,s1_0.status,s1_0.type from seats s1_0 where s1_0.status='HELD' and s1_0.held_until is not null and s1_0.held_until<? for update
2026-04-05T16:49:05.346+07:00 DEBUG 19172 --- [nio-8081-exec-2] o.s.security.web.FilterChainProxy        : Securing GET /site/detail.html?movieId=1171145
2026-04-05T16:49:05.346+07:00 DEBUG 19172 --- [nio-8081-exec-2] o.s.s.w.a.AnonymousAuthenticationFilter  : Set SecurityContextHolder to anonymous SecurityContext
2026-04-05T16:49:05.346+07:00 DEBUG 19172 --- [nio-8081-exec-2] o.s.security.web.FilterChainProxy        : Secured GET /site/detail.html?movieId=1171145
2026-04-05T16:49:05.373+07:00 DEBUG 19172 --- [nio-8081-exec-3] o.s.security.web.FilterChainProxy        : Securing GET /site/common.css
2026-04-05T16:49:05.373+07:00 DEBUG 19172 --- [nio-8081-exec-1] o.s.security.web.FilterChainProxy        : Securing GET /site/common.js
2026-04-05T16:49:05.374+07:00 DEBUG 19172 --- [nio-8081-exec-1] o.s.s.w.a.AnonymousAuthenticationFilter  : Set SecurityContextHolder to anonymous SecurityContext
2026-04-05T16:49:05.374+07:00 DEBUG 19172 --- [nio-8081-exec-3] o.s.s.w.a.AnonymousAuthenticationFilter  : Set SecurityContextHolder to anonymous SecurityContext
2026-04-05T16:49:05.374+07:00 DEBUG 19172 --- [nio-8081-exec-1] o.s.security.web.FilterChainProxy        : Secured GET /site/common.js
2026-04-05T16:49:05.374+07:00 DEBUG 19172 --- [nio-8081-exec-3] o.s.security.web.FilterChainProxy        : Secured GET /site/common.css
2026-04-05T16:49:05.397+07:00 DEBUG 19172 --- [nio-8081-exec-5] o.s.security.web.FilterChainProxy        : Securing GET /api/movies/public/full-detail?movieId=1171145
2026-04-05T16:49:05.398+07:00 DEBUG 19172 --- [nio-8081-exec-5] o.s.s.w.a.AnonymousAuthenticationFilter  : Set SecurityContextHolder to anonymous SecurityContext
2026-04-05T16:49:05.399+07:00 DEBUG 19172 --- [nio-8081-exec-5] o.s.security.web.FilterChainProxy        : Secured GET /api/movies/public/full-detail?movieId=1171145
Hibernate: select m1_0.id,m1_0.age_rating,m1_0.backdrop_url,m1_0.cast_text,m1_0.created_at,m1_0.description,m1_0.director,m1_0.duration_minutes,m1_0.genre,m1_0.language,m1_0.movie_id,m1_0.overview_en,m1_0.overview_vi,m1_0.poster_url,m1_0.runtime,m1_0.status,m1_0.title,m1_0.title_en,m1_0.title_vi,m1_0.tmdb_id,m1_0.updated_at from movies m1_0 where m1_0.id=?
Hibernate: select m1_0.id,m1_0.age_rating,m1_0.backdrop_url,m1_0.cast_text,m1_0.created_at,m1_0.description,m1_0.director,m1_0.duration_minutes,m1_0.genre,m1_0.language,m1_0.movie_id,m1_0.overview_en,m1_0.overview_vi,m1_0.poster_url,m1_0.runtime,m1_0.status,m1_0.title,m1_0.title_en,m1_0.title_vi,m1_0.tmdb_id,m1_0.updated_at from movies m1_0 where m1_0.tmdb_id=?
Hibernate: select m1_0.id,m1_0.age_rating,m1_0.backdrop_url,m1_0.cast_text,m1_0.created_at,m1_0.description,m1_0.director,m1_0.duration_minutes,m1_0.genre,m1_0.language,m1_0.movie_id,m1_0.overview_en,m1_0.overview_vi,m1_0.poster_url,m1_0.runtime,m1_0.status,m1_0.title,m1_0.title_en,m1_0.title_vi,m1_0.tmdb_id,m1_0.updated_at from movies m1_0 where m1_0.tmdb_id=?
Hibernate: select st1_0.id,st1_0.cinema,st1_0.currency,st1_0.disabled,st1_0.duration_minutes,st1_0.format,st1_0.movie_id,st1_0.movie_title,st1_0.movie_tmdb_id,st1_0.price,st1_0.price_vip,st1_0.room,st1_0.start_time,st1_0.status from show_times st1_0 where st1_0.movie_id=?
Hibernate: select s1_0.id,s1_0.code,s1_0.col_index,s1_0.held_by,s1_0.held_until,s1_0.number,s1_0.price,s1_0.row_label,s1_0.row_index,s1_0.section,s1_0.showtime_id,s1_0.status,s1_0.type from seats s1_0 where s1_0.status='HELD' and s1_0.held_until is not null and s1_0.held_until<? for update
Hibernate: select s1_0.id,s1_0.code,s1_0.col_index,s1_0.held_by,s1_0.held_until,s1_0.number,s1_0.price,s1_0.row_label,s1_0.row_index,s1_0.section,s1_0.showtime_id,s1_0.status,s1_0.type from seats s1_0 where s1_0.status='HELD' and s1_0.held_until is not null and s1_0.held_until<? for update
2026-04-05T16:49:18.719+07:00 DEBUG 19172 --- [io-8081-exec-10] o.s.security.web.FilterChainProxy        : Securing GET /site/detail.html?movieId=1171145
2026-04-05T16:49:18.720+07:00 DEBUG 19172 --- [io-8081-exec-10] o.s.s.w.a.AnonymousAuthenticationFilter  : Set SecurityContextHolder to anonymous SecurityContext
2026-04-05T16:49:18.720+07:00 DEBUG 19172 --- [io-8081-exec-10] o.s.security.web.FilterChainProxy        : Secured GET /site/detail.html?movieId=1171145
2026-04-05T16:49:18.748+07:00 DEBUG 19172 --- [nio-8081-exec-8] o.s.security.web.FilterChainProxy        : Securing GET /site/common.js
2026-04-05T16:49:18.748+07:00 DEBUG 19172 --- [nio-8081-exec-9] o.s.security.web.FilterChainProxy        : Securing GET /site/common.css
2026-04-05T16:49:18.748+07:00 DEBUG 19172 --- [nio-8081-exec-8] o.s.s.w.a.AnonymousAuthenticationFilter  : Set SecurityContextHolder to anonymous SecurityContext
2026-04-05T16:49:18.748+07:00 DEBUG 19172 --- [nio-8081-exec-9] o.s.s.w.a.AnonymousAuthenticationFilter  : Set SecurityContextHolder to anonymous SecurityContext
2026-04-05T16:49:18.749+07:00 DEBUG 19172 --- [nio-8081-exec-8] o.s.security.web.FilterChainProxy        : Secured GET /site/common.js
2026-04-05T16:49:18.749+07:00 DEBUG 19172 --- [nio-8081-exec-9] o.s.security.web.FilterChainProxy        : Secured GET /site/common.css
2026-04-05T16:49:18.771+07:00 DEBUG 19172 --- [nio-8081-exec-6] o.s.security.web.FilterChainProxy        : Securing GET /api/movies/public/full-detail?movieId=1171145
2026-04-05T16:49:18.771+07:00 DEBUG 19172 --- [nio-8081-exec-6] o.s.s.w.a.AnonymousAuthenticationFilter  : Set SecurityContextHolder to anonymous SecurityContext
2026-04-05T16:49:18.772+07:00 DEBUG 19172 --- [nio-8081-exec-6] o.s.security.web.FilterChainProxy        : Secured GET /api/movies/public/full-detail?movieId=1171145
Hibernate: select m1_0.id,m1_0.age_rating,m1_0.backdrop_url,m1_0.cast_text,m1_0.created_at,m1_0.description,m1_0.director,m1_0.duration_minutes,m1_0.genre,m1_0.language,m1_0.movie_id,m1_0.overview_en,m1_0.overview_vi,m1_0.poster_url,m1_0.runtime,m1_0.status,m1_0.title,m1_0.title_en,m1_0.title_vi,m1_0.tmdb_id,m1_0.updated_at from movies m1_0 where m1_0.id=?
Hibernate: select m1_0.id,m1_0.age_rating,m1_0.backdrop_url,m1_0.cast_text,m1_0.created_at,m1_0.description,m1_0.director,m1_0.duration_minutes,m1_0.genre,m1_0.language,m1_0.movie_id,m1_0.overview_en,m1_0.overview_vi,m1_0.poster_url,m1_0.runtime,m1_0.status,m1_0.title,m1_0.title_en,m1_0.title_vi,m1_0.tmdb_id,m1_0.updated_at from movies m1_0 where m1_0.tmdb_id=?
Hibernate: select s1_0.id,s1_0.code,s1_0.col_index,s1_0.held_by,s1_0.held_until,s1_0.number,s1_0.price,s1_0.row_label,s1_0.row_index,s1_0.section,s1_0.showtime_id,s1_0.status,s1_0.type from seats s1_0 where s1_0.status='HELD' and s1_0.held_until is not null and s1_0.held_until<? for update
Hibernate: select m1_0.id,m1_0.age_rating,m1_0.backdrop_url,m1_0.cast_text,m1_0.created_at,m1_0.description,m1_0.director,m1_0.duration_minutes,m1_0.genre,m1_0.language,m1_0.movie_id,m1_0.overview_en,m1_0.overview_vi,m1_0.poster_url,m1_0.runtime,m1_0.status,m1_0.title,m1_0.title_en,m1_0.title_vi,m1_0.tmdb_id,m1_0.updated_at from movies m1_0 where m1_0.tmdb_id=?
Hibernate: select st1_0.id,st1_0.cinema,st1_0.currency,st1_0.disabled,st1_0.duration_minutes,st1_0.format,st1_0.movie_id,st1_0.movie_title,st1_0.movie_tmdb_id,st1_0.price,st1_0.price_vip,st1_0.room,st1_0.start_time,st1_0.status from show_times st1_0 where st1_0.movie_id=?
Hibernate: select s1_0.id,s1_0.code,s1_0.col_index,s1_0.held_by,s1_0.held_until,s1_0.number,s1_0.price,s1_0.row_label,s1_0.row_index,s1_0.section,s1_0.showtime_id,s1_0.status,s1_0.type from seats s1_0 where s1_0.status='HELD' and s1_0.held_until is not null and s1_0.held_until<? for update
2026-04-05T16:49:23.951+07:00 DEBUG 19172 --- [nio-8081-exec-4] o.s.security.web.FilterChainProxy        : Securing GET /site/detail.html?movieId=1171145
2026-04-05T16:49:23.952+07:00 DEBUG 19172 --- [nio-8081-exec-4] o.s.s.w.a.AnonymousAuthenticationFilter  : Set SecurityContextHolder to anonymous SecurityContext
2026-04-05T16:49:23.953+07:00 DEBUG 19172 --- [nio-8081-exec-4] o.s.security.web.FilterChainProxy        : Secured GET /site/detail.html?movieId=1171145
2026-04-05T16:49:23.982+07:00 DEBUG 19172 --- [nio-8081-exec-7] o.s.security.web.FilterChainProxy        : Securing GET /site/common.css
2026-04-05T16:49:23.982+07:00 DEBUG 19172 --- [nio-8081-exec-7] o.s.s.w.a.AnonymousAuthenticationFilter  : Set SecurityContextHolder to anonymous SecurityContext
2026-04-05T16:49:23.982+07:00 DEBUG 19172 --- [nio-8081-exec-7] o.s.security.web.FilterChainProxy        : Secured GET /site/common.css
2026-04-05T16:49:23.982+07:00 DEBUG 19172 --- [nio-8081-exec-2] o.s.security.web.FilterChainProxy        : Securing GET /site/common.js
2026-04-05T16:49:23.982+07:00 DEBUG 19172 --- [nio-8081-exec-2] o.s.s.w.a.AnonymousAuthenticationFilter  : Set SecurityContextHolder to anonymous SecurityContext
2026-04-05T16:49:23.982+07:00 DEBUG 19172 --- [nio-8081-exec-2] o.s.security.web.FilterChainProxy        : Secured GET /site/common.js
2026-04-05T16:49:24.005+07:00 DEBUG 19172 --- [nio-8081-exec-1] o.s.security.web.FilterChainProxy        : Securing GET /api/movies/public/full-detail?movieId=1171145
2026-04-05T16:49:24.005+07:00 DEBUG 19172 --- [nio-8081-exec-1] o.s.s.w.a.AnonymousAuthenticationFilter  : Set SecurityContextHolder to anonymous SecurityContext
2026-04-05T16:49:24.005+07:00 DEBUG 19172 --- [nio-8081-exec-1] o.s.security.web.FilterChainProxy        : Secured GET /api/movies/public/full-detail?movieId=1171145
Hibernate: select m1_0.id,m1_0.age_rating,m1_0.backdrop_url,m1_0.cast_text,m1_0.created_at,m1_0.description,m1_0.director,m1_0.duration_minutes,m1_0.genre,m1_0.language,m1_0.movie_id,m1_0.overview_en,m1_0.overview_vi,m1_0.poster_url,m1_0.runtime,m1_0.status,m1_0.title,m1_0.title_en,m1_0.title_vi,m1_0.tmdb_id,m1_0.updated_at from movies m1_0 where m1_0.id=?
Hibernate: select m1_0.id,m1_0.age_rating,m1_0.backdrop_url,m1_0.cast_text,m1_0.created_at,m1_0.description,m1_0.director,m1_0.duration_minutes,m1_0.genre,m1_0.language,m1_0.movie_id,m1_0.overview_en,m1_0.overview_vi,m1_0.poster_url,m1_0.runtime,m1_0.status,m1_0.title,m1_0.title_en,m1_0.title_vi,m1_0.tmdb_id,m1_0.updated_at from movies m1_0 where m1_0.tmdb_id=?
Hibernate: select m1_0.id,m1_0.age_rating,m1_0.backdrop_url,m1_0.cast_text,m1_0.created_at,m1_0.description,m1_0.director,m1_0.duration_minutes,m1_0.genre,m1_0.language,m1_0.movie_id,m1_0.overview_en,m1_0.overview_vi,m1_0.poster_url,m1_0.runtime,m1_0.status,m1_0.title,m1_0.title_en,m1_0.title_vi,m1_0.tmdb_id,m1_0.updated_at from movies m1_0 where m1_0.tmdb_id=?
Hibernate: select st1_0.id,st1_0.cinema,st1_0.currency,st1_0.disabled,st1_0.duration_minutes,st1_0.format,st1_0.movie_id,st1_0.movie_title,st1_0.movie_tmdb_id,st1_0.price,st1_0.price_vip,st1_0.room,st1_0.start_time,st1_0.status from show_times st1_0 where st1_0.movie_id=?
Hibernate: UPDATE show_times SET status = 'UPCOMING' WHERE (disabled IS NULL OR disabled = FALSE) AND status <> 'CANCELLED' AND start_time > NOW() AND status <> 'UPCOMING'
Hibernate: UPDATE show_times SET status = 'ACTIVE' WHERE (disabled IS NULL OR disabled = FALSE) AND status <> 'CANCELLED' AND start_time <= NOW() AND DATE_ADD(start_time, INTERVAL duration_minutes MINUTE) >= NOW() AND status <> 'ACTIVE'
Hibernate: UPDATE show_times SET status = 'FINISHED' WHERE (disabled IS NULL OR disabled = FALSE) AND status <> 'CANCELLED' AND DATE_ADD(start_time, INTERVAL duration_minutes MINUTE) < NOW() AND status <> 'FINISHED'
Hibernate: select s1_0.id,s1_0.code,s1_0.col_index,s1_0.held_by,s1_0.held_until,s1_0.number,s1_0.price,s1_0.row_label,s1_0.row_index,s1_0.section,s1_0.showtime_id,s1_0.status,s1_0.type from seats s1_0 where s1_0.status='HELD' and s1_0.held_until is not null and s1_0.held_until<? for update
Hibernate: select s1_0.id,s1_0.code,s1_0.col_index,s1_0.held_by,s1_0.held_until,s1_0.number,s1_0.price,s1_0.row_label,s1_0.row_index,s1_0.section,s1_0.showtime_id,s1_0.status,s1_0.type from seats s1_0 where s1_0.status='HELD' and s1_0.held_until is not null and s1_0.held_until<? for update
Hibernate: select s1_0.id,s1_0.code,s1_0.col_index,s1_0.held_by,s1_0.held_until,s1_0.number,s1_0.price,s1_0.row_label,s1_0.row_index,s1_0.section,s1_0.showtime_id,s1_0.status,s1_0.type from seats s1_0 where s1_0.status='HELD' and s1_0.held_until is not null and s1_0.held_until<? for update
Hibernate: select s1_0.id,s1_0.code,s1_0.col_index,s1_0.held_by,s1_0.held_until,s1_0.number,s1_0.price,s1_0.row_label,s1_0.row_index,s1_0.section,s1_0.showtime_id,s1_0.status,s1_0.type from seats s1_0 where s1_0.status='HELD' and s1_0.held_until is not null and s1_0.held_until<? for update
Hibernate: select s1_0.id,s1_0.code,s1_0.col_index,s1_0.held_by,s1_0.held_until,s1_0.number,s1_0.price,s1_0.row_label,s1_0.row_index,s1_0.section,s1_0.showtime_id,s1_0.status,s1_0.type from seats s1_0 where s1_0.status='HELD' and s1_0.held_until is not null and s1_0.held_until<? for update
Hibernate: select s1_0.id,s1_0.code,s1_0.col_index,s1_0.held_by,s1_0.held_until,s1_0.number,s1_0.price,s1_0.row_label,s1_0.row_index,s1_0.section,s1_0.showtime_id,s1_0.status,s1_0.type from seats s1_0 where s1_0.status='HELD' and s1_0.held_until is not null and s1_0.held_until<? for update
Hibernate: select s1_0.id,s1_0.code,s1_0.col_index,s1_0.held_by,s1_0.held_until,s1_0.number,s1_0.price,s1_0.row_label,s1_0.row_index,s1_0.section,s1_0.showtime_id,s1_0.status,s1_0.type from seats s1_0 where s1_0.status='HELD' and s1_0.held_until is not null and s1_0.held_until<? for update
Hibernate: select s1_0.id,s1_0.code,s1_0.col_index,s1_0.held_by,s1_0.held_until,s1_0.number,s1_0.price,s1_0.row_label,s1_0.row_index,s1_0.section,s1_0.showtime_id,s1_0.status,s1_0.type from seats s1_0 where s1_0.status='HELD' and s1_0.held_until is not null and s1_0.held_until<? for update
Hibernate: select s1_0.id,s1_0.code,s1_0.col_index,s1_0.held_by,s1_0.held_until,s1_0.number,s1_0.price,s1_0.row_label,s1_0.row_index,s1_0.section,s1_0.showtime_id,s1_0.status,s1_0.type from seats s1_0 where s1_0.status='HELD' and s1_0.held_until is not null and s1_0.held_until<? for update
Hibernate: select s1_0.id,s1_0.code,s1_0.col_index,s1_0.held_by,s1_0.held_until,s1_0.number,s1_0.price,s1_0.row_label,s1_0.row_index,s1_0.section,s1_0.showtime_id,s1_0.status,s1_0.type from seats s1_0 where s1_0.status='HELD' and s1_0.held_until is not null and s1_0.held_until<? for update
Hibernate: select s1_0.id,s1_0.code,s1_0.col_index,s1_0.held_by,s1_0.held_until,s1_0.number,s1_0.price,s1_0.row_label,s1_0.row_index,s1_0.section,s1_0.showtime_id,s1_0.status,s1_0.type from seats s1_0 where s1_0.status='HELD' and s1_0.held_until is not null and s1_0.held_until<? for update
Hibernate: select s1_0.id,s1_0.code,s1_0.col_index,s1_0.held_by,s1_0.held_until,s1_0.number,s1_0.price,s1_0.row_label,s1_0.row_index,s1_0.section,s1_0.showtime_id,s1_0.status,s1_0.type from seats s1_0 where s1_0.status='HELD' and s1_0.held_until is not null and s1_0.held_until<? for update
Hibernate: UPDATE show_times SET status = 'UPCOMING' WHERE (disabled IS NULL OR disabled = FALSE) AND status <> 'CANCELLED' AND start_time > NOW() AND status <> 'UPCOMING'
Hibernate: UPDATE show_times SET status = 'ACTIVE' WHERE (disabled IS NULL OR disabled = FALSE) AND status <> 'CANCELLED' AND start_time <= NOW() AND DATE_ADD(start_time, INTERVAL duration_minutes MINUTE) >= NOW() AND status <> 'ACTIVE'
Hibernate: UPDATE show_times SET status = 'FINISHED' WHERE (disabled IS NULL OR disabled = FALSE) AND status <> 'CANCELLED' AND DATE_ADD(start_time, INTERVAL duration_minutes MINUTE) < NOW() AND status <> 'FINISHED'
Hibernate: select s1_0.id,s1_0.code,s1_0.col_index,s1_0.held_by,s1_0.held_until,s1_0.number,s1_0.price,s1_0.row_label,s1_0.row_index,s1_0.section,s1_0.showtime_id,s1_0.status,s1_0.type from seats s1_0 where s1_0.status='HELD' and s1_0.held_until is not null and s1_0.held_until<? for update
Hibernate: select s1_0.id,s1_0.code,s1_0.col_index,s1_0.held_by,s1_0.held_until,s1_0.number,s1_0.price,s1_0.row_label,s1_0.row_index,s1_0.section,s1_0.showtime_id,s1_0.status,s1_0.type from seats s1_0 where s1_0.status='HELD' and s1_0.held_until is not null and s1_0.held_until<? for update
Hibernate: select s1_0.id,s1_0.code,s1_0.col_index,s1_0.held_by,s1_0.held_until,s1_0.number,s1_0.price,s1_0.row_label,s1_0.row_index,s1_0.section,s1_0.showtime_id,s1_0.status,s1_0.type from seats s1_0 where s1_0.status='HELD' and s1_0.held_until is not null and s1_0.held_until<? for update
2026-04-05T16:50:44.128+07:00 DEBUG 19172 --- [nio-8081-exec-8] o.s.security.web.FilterChainProxy        : Securing GET /site/detail.html?movieId=1171145
2026-04-05T16:50:44.129+07:00 DEBUG 19172 --- [nio-8081-exec-8] o.s.s.w.a.AnonymousAuthenticationFilter  : Set SecurityContextHolder to anonymous SecurityContext
2026-04-05T16:50:44.129+07:00 DEBUG 19172 --- [nio-8081-exec-8] o.s.security.web.FilterChainProxy        : Secured GET /site/detail.html?movieId=1171145
2026-04-05T16:50:44.158+07:00 DEBUG 19172 --- [nio-8081-exec-6] o.s.security.web.FilterChainProxy        : Securing GET /site/common.css
2026-04-05T16:50:44.158+07:00 DEBUG 19172 --- [nio-8081-exec-4] o.s.security.web.FilterChainProxy        : Securing GET /site/common.js
2026-04-05T16:50:44.159+07:00 DEBUG 19172 --- [nio-8081-exec-4] o.s.s.w.a.AnonymousAuthenticationFilter  : Set SecurityContextHolder to anonymous SecurityContext
2026-04-05T16:50:44.159+07:00 DEBUG 19172 --- [nio-8081-exec-6] o.s.s.w.a.AnonymousAuthenticationFilter  : Set SecurityContextHolder to anonymous SecurityContext
2026-04-05T16:50:44.159+07:00 DEBUG 19172 --- [nio-8081-exec-4] o.s.security.web.FilterChainProxy        : Secured GET /site/common.js
2026-04-05T16:50:44.159+07:00 DEBUG 19172 --- [nio-8081-exec-6] o.s.security.web.FilterChainProxy        : Secured GET /site/common.css
Hibernate: select s1_0.id,s1_0.code,s1_0.col_index,s1_0.held_by,s1_0.held_until,s1_0.number,s1_0.price,s1_0.row_label,s1_0.row_index,s1_0.section,s1_0.showtime_id,s1_0.status,s1_0.type from seats s1_0 where s1_0.status='HELD' and s1_0.held_until is not null and s1_0.held_until<? for update
2026-04-05T16:50:44.452+07:00 DEBUG 19172 --- [nio-8081-exec-7] o.s.security.web.FilterChainProxy        : Securing GET /api/movies/public/full-detail?movieId=1171145
2026-04-05T16:50:44.452+07:00 DEBUG 19172 --- [nio-8081-exec-7] o.s.s.w.a.AnonymousAuthenticationFilter  : Set SecurityContextHolder to anonymous SecurityContext
2026-04-05T16:50:44.453+07:00 DEBUG 19172 --- [nio-8081-exec-7] o.s.security.web.FilterChainProxy        : Secured GET /api/movies/public/full-detail?movieId=1171145
Hibernate: select m1_0.id,m1_0.age_rating,m1_0.backdrop_url,m1_0.cast_text,m1_0.created_at,m1_0.description,m1_0.director,m1_0.duration_minutes,m1_0.genre,m1_0.language,m1_0.movie_id,m1_0.overview_en,m1_0.overview_vi,m1_0.poster_url,m1_0.runtime,m1_0.status,m1_0.title,m1_0.title_en,m1_0.title_vi,m1_0.tmdb_id,m1_0.updated_at from movies m1_0 where m1_0.id=?
Hibernate: select m1_0.id,m1_0.age_rating,m1_0.backdrop_url,m1_0.cast_text,m1_0.created_at,m1_0.description,m1_0.director,m1_0.duration_minutes,m1_0.genre,m1_0.language,m1_0.movie_id,m1_0.overview_en,m1_0.overview_vi,m1_0.poster_url,m1_0.runtime,m1_0.status,m1_0.title,m1_0.title_en,m1_0.title_vi,m1_0.tmdb_id,m1_0.updated_at from movies m1_0 where m1_0.tmdb_id=?
Hibernate: select m1_0.id,m1_0.age_rating,m1_0.backdrop_url,m1_0.cast_text,m1_0.created_at,m1_0.description,m1_0.director,m1_0.duration_minutes,m1_0.genre,m1_0.language,m1_0.movie_id,m1_0.overview_en,m1_0.overview_vi,m1_0.poster_url,m1_0.runtime,m1_0.status,m1_0.title,m1_0.title_en,m1_0.title_vi,m1_0.tmdb_id,m1_0.updated_at from movies m1_0 where m1_0.tmdb_id=?
Hibernate: select st1_0.id,st1_0.cinema,st1_0.currency,st1_0.disabled,st1_0.duration_minutes,st1_0.format,st1_0.movie_id,st1_0.movie_title,st1_0.movie_tmdb_id,st1_0.price,st1_0.price_vip,st1_0.room,st1_0.start_time,st1_0.status from show_times st1_0 where st1_0.movie_id=?
Hibernate: select s1_0.id,s1_0.code,s1_0.col_index,s1_0.held_by,s1_0.held_until,s1_0.number,s1_0.price,s1_0.row_label,s1_0.row_index,s1_0.section,s1_0.showtime_id,s1_0.status,s1_0.type from seats s1_0 where s1_0.status='HELD' and s1_0.held_until is not null and s1_0.held_until<? for update
Hibernate: select s1_0.id,s1_0.code,s1_0.col_index,s1_0.held_by,s1_0.held_until,s1_0.number,s1_0.price,s1_0.row_label,s1_0.row_index,s1_0.section,s1_0.showtime_id,s1_0.status,s1_0.type from seats s1_0 where s1_0.status='HELD' and s1_0.held_until is not null and s1_0.held_until<? for update
Hibernate: select s1_0.id,s1_0.code,s1_0.col_index,s1_0.held_by,s1_0.held_until,s1_0.number,s1_0.price,s1_0.row_label,s1_0.row_index,s1_0.section,s1_0.showtime_id,s1_0.status,s1_0.type from seats s1_0 where s1_0.status='HELD' and s1_0.held_until is not null and s1_0.held_until<? for update
Hibernate: select s1_0.id,s1_0.code,s1_0.col_index,s1_0.held_by,s1_0.held_until,s1_0.number,s1_0.price,s1_0.row_label,s1_0.row_index,s1_0.section,s1_0.showtime_id,s1_0.status,s1_0.type from seats s1_0 where s1_0.status='HELD' and s1_0.held_until is not null and s1_0.held_until<? for update
Hibernate: select s1_0.id,s1_0.code,s1_0.col_index,s1_0.held_by,s1_0.held_until,s1_0.number,s1_0.price,s1_0.row_label,s1_0.row_index,s1_0.section,s1_0.showtime_id,s1_0.status,s1_0.type from seats s1_0 where s1_0.status='HELD' and s1_0.held_until is not null and s1_0.held_until<? for update
Hibernate: select s1_0.id,s1_0.code,s1_0.col_index,s1_0.held_by,s1_0.held_until,s1_0.number,s1_0.price,s1_0.row_label,s1_0.row_index,s1_0.section,s1_0.showtime_id,s1_0.status,s1_0.type from seats s1_0 where s1_0.status='HELD' and s1_0.held_until is not null and s1_0.held_until<? for update
Hibernate: select s1_0.id,s1_0.code,s1_0.col_index,s1_0.held_by,s1_0.held_until,s1_0.number,s1_0.price,s1_0.row_label,s1_0.row_index,s1_0.section,s1_0.showtime_id,s1_0.status,s1_0.type from seats s1_0 where s1_0.status='HELD' and s1_0.held_until is not null and s1_0.held_until<? for update
Hibernate: select s1_0.id,s1_0.code,s1_0.col_index,s1_0.held_by,s1_0.held_until,s1_0.number,s1_0.price,s1_0.row_label,s1_0.row_index,s1_0.section,s1_0.showtime_id,s1_0.status,s1_0.type from seats s1_0 where s1_0.status='HELD' and s1_0.held_until is not null and s1_0.held_until<? for update
Hibernate: UPDATE show_times SET status = 'UPCOMING' WHERE (disabled IS NULL OR disabled = FALSE) AND status <> 'CANCELLED' AND start_time > NOW() AND status <> 'UPCOMING'
Hibernate: UPDATE show_times SET status = 'ACTIVE' WHERE (disabled IS NULL OR disabled = FALSE) AND status <> 'CANCELLED' AND start_time <= NOW() AND DATE_ADD(start_time, INTERVAL duration_minutes MINUTE) >= NOW() AND status <> 'ACTIVE'
Hibernate: UPDATE show_times SET status = 'FINISHED' WHERE (disabled IS NULL OR disabled = FALSE) AND status <> 'CANCELLED' AND DATE_ADD(start_time, INTERVAL duration_minutes MINUTE) < NOW() AND status <> 'FINISHED'
Hibernate: select s1_0.id,s1_0.code,s1_0.col_index,s1_0.held_by,s1_0.held_until,s1_0.number,s1_0.price,s1_0.row_label,s1_0.row_index,s1_0.section,s1_0.showtime_id,s1_0.status,s1_0.type from seats s1_0 where s1_0.status='HELD' and s1_0.held_until is not null and s1_0.held_until<? for update
Hibernate: select s1_0.id,s1_0.code,s1_0.col_index,s1_0.held_by,s1_0.held_until,s1_0.number,s1_0.price,s1_0.row_label,s1_0.row_index,s1_0.section,s1_0.showtime_id,s1_0.status,s1_0.type from seats s1_0 where s1_0.status='HELD' and s1_0.held_until is not null and s1_0.held_until<? for update
Hibernate: select s1_0.id,s1_0.code,s1_0.col_index,s1_0.held_by,s1_0.held_until,s1_0.number,s1_0.price,s1_0.row_label,s1_0.row_index,s1_0.section,s1_0.showtime_id,s1_0.status,s1_0.type from seats s1_0 where s1_0.status='HELD' and s1_0.held_until is not null and s1_0.held_until<? for update
Hibernate: select s1_0.id,s1_0.code,s1_0.col_index,s1_0.held_by,s1_0.held_until,s1_0.number,s1_0.price,s1_0.row_label,s1_0.row_index,s1_0.section,s1_0.showtime_id,s1_0.status,s1_0.type from seats s1_0 where s1_0.status='HELD' and s1_0.held_until is not null and s1_0.held_until<? for update
Hibernate: select s1_0.id,s1_0.code,s1_0.col_index,s1_0.held_by,s1_0.held_until,s1_0.number,s1_0.price,s1_0.row_label,s1_0.row_index,s1_0.section,s1_0.showtime_id,s1_0.status,s1_0.type from seats s1_0 where s1_0.status='HELD' and s1_0.held_until is not null and s1_0.held_until<? for update
Hibernate: select s1_0.id,s1_0.code,s1_0.col_index,s1_0.held_by,s1_0.held_until,s1_0.number,s1_0.price,s1_0.row_label,s1_0.row_index,s1_0.section,s1_0.showtime_id,s1_0.status,s1_0.type from seats s1_0 where s1_0.status='HELD' and s1_0.held_until is not null and s1_0.held_until<? for update
Hibernate: select s1_0.id,s1_0.code,s1_0.col_index,s1_0.held_by,s1_0.held_until,s1_0.number,s1_0.price,s1_0.row_label,s1_0.row_index,s1_0.section,s1_0.showtime_id,s1_0.status,s1_0.type from seats s1_0 where s1_0.status='HELD' and s1_0.held_until is not null and s1_0.held_until<? for update
Hibernate: select s1_0.id,s1_0.code,s1_0.col_index,s1_0.held_by,s1_0.held_until,s1_0.number,s1_0.price,s1_0.row_label,s1_0.row_index,s1_0.section,s1_0.showtime_id,s1_0.status,s1_0.type from seats s1_0 where s1_0.status='HELD' and s1_0.held_until is not null and s1_0.held_until<? for update
Hibernate: select s1_0.id,s1_0.code,s1_0.col_index,s1_0.held_by,s1_0.held_until,s1_0.number,s1_0.price,s1_0.row_label,s1_0.row_index,s1_0.section,s1_0.showtime_id,s1_0.status,s1_0.type from seats s1_0 where s1_0.status='HELD' and s1_0.held_until is not null and s1_0.held_until<? for update
Hibernate: select s1_0.id,s1_0.code,s1_0.col_index,s1_0.held_by,s1_0.held_until,s1_0.number,s1_0.price,s1_0.row_label,s1_0.row_index,s1_0.section,s1_0.showtime_id,s1_0.status,s1_0.type from seats s1_0 where s1_0.status='HELD' and s1_0.held_until is not null and s1_0.held_until<? for update
Hibernate: select s1_0.id,s1_0.code,s1_0.col_index,s1_0.held_by,s1_0.held_until,s1_0.number,s1_0.price,s1_0.row_label,s1_0.row_index,s1_0.section,s1_0.showtime_id,s1_0.status,s1_0.type from seats s1_0 where s1_0.status='HELD' and s1_0.held_until is not null and s1_0.held_until<? for update
Hibernate: select s1_0.id,s1_0.code,s1_0.col_index,s1_0.held_by,s1_0.held_until,s1_0.number,s1_0.price,s1_0.row_label,s1_0.row_index,s1_0.section,s1_0.showtime_id,s1_0.status,s1_0.type from seats s1_0 where s1_0.status='HELD' and s1_0.held_until is not null and s1_0.held_until<? for update
Hibernate: UPDATE show_times SET status = 'UPCOMING' WHERE (disabled IS NULL OR disabled = FALSE) AND status <> 'CANCELLED' AND start_time > NOW() AND status <> 'UPCOMING'
Hibernate: UPDATE show_times SET status = 'ACTIVE' WHERE (disabled IS NULL OR disabled = FALSE) AND status <> 'CANCELLED' AND start_time <= NOW() AND DATE_ADD(start_time, INTERVAL duration_minutes MINUTE) >= NOW() AND status <> 'ACTIVE'
Hibernate: UPDATE show_times SET status = 'FINISHED' WHERE (disabled IS NULL OR disabled = FALSE) AND status <> 'CANCELLED' AND DATE_ADD(start_time, INTERVAL duration_minutes MINUTE) < NOW() AND status <> 'FINISHED'
Hibernate: select s1_0.id,s1_0.code,s1_0.col_index,s1_0.held_by,s1_0.held_until,s1_0.number,s1_0.price,s1_0.row_label,s1_0.row_index,s1_0.section,s1_0.showtime_id,s1_0.status,s1_0.type from seats s1_0 where s1_0.status='HELD' and s1_0.held_until is not null and s1_0.held_until<? for update
Hibernate: select s1_0.id,s1_0.code,s1_0.col_index,s1_0.held_by,s1_0.held_until,s1_0.number,s1_0.price,s1_0.row_label,s1_0.row_index,s1_0.section,s1_0.showtime_id,s1_0.status,s1_0.type from seats s1_0 where s1_0.status='HELD' and s1_0.held_until is not null and s1_0.held_until<? for update
Hibernate: select s1_0.id,s1_0.code,s1_0.col_index,s1_0.held_by,s1_0.held_until,s1_0.number,s1_0.price,s1_0.row_label,s1_0.row_index,s1_0.section,s1_0.showtime_id,s1_0.status,s1_0.type from seats s1_0 where s1_0.status='HELD' and s1_0.held_until is not null and s1_0.held_until<? for update
Hibernate: select s1_0.id,s1_0.code,s1_0.col_index,s1_0.held_by,s1_0.held_until,s1_0.number,s1_0.price,s1_0.row_label,s1_0.row_index,s1_0.section,s1_0.showtime_id,s1_0.status,s1_0.type from seats s1_0 where s1_0.status='HELD' and s1_0.held_until is not null and s1_0.held_until<? for update
Hibernate: select s1_0.id,s1_0.code,s1_0.col_index,s1_0.held_by,s1_0.held_until,s1_0.number,s1_0.price,s1_0.row_label,s1_0.row_index,s1_0.section,s1_0.showtime_id,s1_0.status,s1_0.type from seats s1_0 where s1_0.status='HELD' and s1_0.held_until is not null and s1_0.held_until<? for update
Hibernate: select s1_0.id,s1_0.code,s1_0.col_index,s1_0.held_by,s1_0.held_until,s1_0.number,s1_0.price,s1_0.row_label,s1_0.row_index,s1_0.section,s1_0.showtime_id,s1_0.status,s1_0.type from seats s1_0 where s1_0.status='HELD' and s1_0.held_until is not null and s1_0.held_until<? for update
Hibernate: select s1_0.id,s1_0.code,s1_0.col_index,s1_0.held_by,s1_0.held_until,s1_0.number,s1_0.price,s1_0.row_label,s1_0.row_index,s1_0.section,s1_0.showtime_id,s1_0.status,s1_0.type from seats s1_0 where s1_0.status='HELD' and s1_0.held_until is not null and s1_0.held_until<? for update
Hibernate: select s1_0.id,s1_0.code,s1_0.col_index,s1_0.held_by,s1_0.held_until,s1_0.number,s1_0.price,s1_0.row_label,s1_0.row_index,s1_0.section,s1_0.showtime_id,s1_0.status,s1_0.type from seats s1_0 where s1_0.status='HELD' and s1_0.held_until is not null and s1_0.held_until<? for update
Hibernate: select s1_0.id,s1_0.code,s1_0.col_index,s1_0.held_by,s1_0.held_until,s1_0.number,s1_0.price,s1_0.row_label,s1_0.row_index,s1_0.section,s1_0.showtime_id,s1_0.status,s1_0.type from seats s1_0 where s1_0.status='HELD' and s1_0.held_until is not null and s1_0.held_until<? for update
Hibernate: select s1_0.id,s1_0.code,s1_0.col_index,s1_0.held_by,s1_0.held_until,s1_0.number,s1_0.price,s1_0.row_label,s1_0.row_index,s1_0.section,s1_0.showtime_id,s1_0.status,s1_0.type from seats s1_0 where s1_0.status='HELD' and s1_0.held_until is not null and s1_0.held_until<? for update
Hibernate: select s1_0.id,s1_0.code,s1_0.col_index,s1_0.held_by,s1_0.held_until,s1_0.number,s1_0.price,s1_0.row_label,s1_0.row_index,s1_0.section,s1_0.showtime_id,s1_0.status,s1_0.type from seats s1_0 where s1_0.status='HELD' and s1_0.held_until is not null and s1_0.held_until<? for update
Hibernate: select s1_0.id,s1_0.code,s1_0.col_index,s1_0.held_by,s1_0.held_until,s1_0.number,s1_0.price,s1_0.row_label,s1_0.row_index,s1_0.section,s1_0.showtime_id,s1_0.status,s1_0.type from seats s1_0 where s1_0.status='HELD' and s1_0.held_until is not null and s1_0.held_until<? for update
Hibernate: UPDATE show_times SET status = 'UPCOMING' WHERE (disabled IS NULL OR disabled = FALSE) AND status <> 'CANCELLED' AND start_time > NOW() AND status <> 'UPCOMING'
Hibernate: UPDATE show_times SET status = 'ACTIVE' WHERE (disabled IS NULL OR disabled = FALSE) AND status <> 'CANCELLED' AND start_time <= NOW() AND DATE_ADD(start_time, INTERVAL duration_minutes MINUTE) >= NOW() AND status <> 'ACTIVE'
Hibernate: UPDATE show_times SET status = 'FINISHED' WHERE (disabled IS NULL OR disabled = FALSE) AND status <> 'CANCELLED' AND DATE_ADD(start_time, INTERVAL duration_minutes MINUTE) < NOW() AND status <> 'FINISHED'
Hibernate: select s1_0.id,s1_0.code,s1_0.col_index,s1_0.held_by,s1_0.held_until,s1_0.number,s1_0.price,s1_0.row_label,s1_0.row_index,s1_0.section,s1_0.showtime_id,s1_0.status,s1_0.type from seats s1_0 where s1_0.status='HELD' and s1_0.held_until is not null and s1_0.held_until<? for update
Hibernate: select s1_0.id,s1_0.code,s1_0.col_index,s1_0.held_by,s1_0.held_until,s1_0.number,s1_0.price,s1_0.row_label,s1_0.row_index,s1_0.section,s1_0.showtime_id,s1_0.status,s1_0.type from seats s1_0 where s1_0.status='HELD' and s1_0.held_until is not null and s1_0.held_until<? for update
Hibernate: select s1_0.id,s1_0.code,s1_0.col_index,s1_0.held_by,s1_0.held_until,s1_0.number,s1_0.price,s1_0.row_label,s1_0.row_index,s1_0.section,s1_0.showtime_id,s1_0.status,s1_0.type from seats s1_0 where s1_0.status='HELD' and s1_0.held_until is not null and s1_0.held_until<? for update
Hibernate: select s1_0.id,s1_0.code,s1_0.col_index,s1_0.held_by,s1_0.held_until,s1_0.number,s1_0.price,s1_0.row_label,s1_0.row_index,s1_0.section,s1_0.showtime_id,s1_0.status,s1_0.type from seats s1_0 where s1_0.status='HELD' and s1_0.held_until is not null and s1_0.held_until<? for update
Hibernate: select s1_0.id,s1_0.code,s1_0.col_index,s1_0.held_by,s1_0.held_until,s1_0.number,s1_0.price,s1_0.row_label,s1_0.row_index,s1_0.section,s1_0.showtime_id,s1_0.status,s1_0.type from seats s1_0 where s1_0.status='HELD' and s1_0.held_until is not null and s1_0.held_until<? for update
Hibernate: select s1_0.id,s1_0.code,s1_0.col_index,s1_0.held_by,s1_0.held_until,s1_0.number,s1_0.price,s1_0.row_label,s1_0.row_index,s1_0.section,s1_0.showtime_id,s1_0.status,s1_0.type from seats s1_0 where s1_0.status='HELD' and s1_0.held_until is not null and s1_0.held_until<? for update
Hibernate: select s1_0.id,s1_0.code,s1_0.col_index,s1_0.held_by,s1_0.held_until,s1_0.number,s1_0.price,s1_0.row_label,s1_0.row_index,s1_0.section,s1_0.showtime_id,s1_0.status,s1_0.type from seats s1_0 where s1_0.status='HELD' and s1_0.held_until is not null and s1_0.held_until<? for update
Hibernate: select s1_0.id,s1_0.code,s1_0.col_index,s1_0.held_by,s1_0.held_until,s1_0.number,s1_0.price,s1_0.row_label,s1_0.row_index,s1_0.section,s1_0.showtime_id,s1_0.status,s1_0.type from seats s1_0 where s1_0.status='HELD' and s1_0.held_until is not null and s1_0.held_until<? for update
Hibernate: select s1_0.id,s1_0.code,s1_0.col_index,s1_0.held_by,s1_0.held_until,s1_0.number,s1_0.price,s1_0.row_label,s1_0.row_index,s1_0.section,s1_0.showtime_id,s1_0.status,s1_0.type from seats s1_0 where s1_0.status='HELD' and s1_0.held_until is not null and s1_0.held_until<? for update
Hibernate: select s1_0.id,s1_0.code,s1_0.col_index,s1_0.held_by,s1_0.held_until,s1_0.number,s1_0.price,s1_0.row_label,s1_0.row_index,s1_0.section,s1_0.showtime_id,s1_0.status,s1_0.type from seats s1_0 where s1_0.status='HELD' and s1_0.held_until is not null and s1_0.held_until<? for update
Hibernate: select s1_0.id,s1_0.code,s1_0.col_index,s1_0.held_by,s1_0.held_until,s1_0.number,s1_0.price,s1_0.row_label,s1_0.row_index,s1_0.section,s1_0.showtime_id,s1_0.status,s1_0.type from seats s1_0 where s1_0.status='HELD' and s1_0.held_until is not null and s1_0.held_until<? for update
Hibernate: select s1_0.id,s1_0.code,s1_0.col_index,s1_0.held_by,s1_0.held_until,s1_0.number,s1_0.price,s1_0.row_label,s1_0.row_index,s1_0.section,s1_0.showtime_id,s1_0.status,s1_0.type from seats s1_0 where s1_0.status='HELD' and s1_0.held_until is not null and s1_0.held_until<? for update
Hibernate: UPDATE show_times SET status = 'UPCOMING' WHERE (disabled IS NULL OR disabled = FALSE) AND status <> 'CANCELLED' AND start_time > NOW() AND status <> 'UPCOMING'
Hibernate: UPDATE show_times SET status = 'ACTIVE' WHERE (disabled IS NULL OR disabled = FALSE) AND status <> 'CANCELLED' AND start_time <= NOW() AND DATE_ADD(start_time, INTERVAL duration_minutes MINUTE) >= NOW() AND status <> 'ACTIVE'
Hibernate: UPDATE show_times SET status = 'FINISHED' WHERE (disabled IS NULL OR disabled = FALSE) AND status <> 'CANCELLED' AND DATE_ADD(start_time, INTERVAL duration_minutes MINUTE) < NOW() AND status <> 'FINISHED'
Hibernate: select s1_0.id,s1_0.code,s1_0.col_index,s1_0.held_by,s1_0.held_until,s1_0.number,s1_0.price,s1_0.row_label,s1_0.row_index,s1_0.section,s1_0.showtime_id,s1_0.status,s1_0.type from seats s1_0 where s1_0.status='HELD' and s1_0.held_until is not null and s1_0.held_until<? for update
Hibernate: select s1_0.id,s1_0.code,s1_0.col_index,s1_0.held_by,s1_0.held_until,s1_0.number,s1_0.price,s1_0.row_label,s1_0.row_index,s1_0.section,s1_0.showtime_id,s1_0.status,s1_0.type from seats s1_0 where s1_0.status='HELD' and s1_0.held_until is not null and s1_0.held_until<? for update
Hibernate: select s1_0.id,s1_0.code,s1_0.col_index,s1_0.held_by,s1_0.held_until,s1_0.number,s1_0.price,s1_0.row_label,s1_0.row_index,s1_0.section,s1_0.showtime_id,s1_0.status,s1_0.type from seats s1_0 where s1_0.status='HELD' and s1_0.held_until is not null and s1_0.held_until<? for update
Hibernate: select s1_0.id,s1_0.code,s1_0.col_index,s1_0.held_by,s1_0.held_until,s1_0.number,s1_0.price,s1_0.row_label,s1_0.row_index,s1_0.section,s1_0.showtime_id,s1_0.status,s1_0.type from seats s1_0 where s1_0.status='HELD' and s1_0.held_until is not null and s1_0.held_until<? for update
Hibernate: select s1_0.id,s1_0.code,s1_0.col_index,s1_0.held_by,s1_0.held_until,s1_0.number,s1_0.price,s1_0.row_label,s1_0.row_index,s1_0.section,s1_0.showtime_id,s1_0.status,s1_0.type from seats s1_0 where s1_0.status='HELD' and s1_0.held_until is not null and s1_0.held_until<? for update
